Archive member included to satisfy reference by file (symbol)

C:/ST/STM32CubeIDE_1.13.1/STM32CubeIDE/plugins/com.st.stm32cube.ide.mcu.externaltools.gnu-tools-for-stm32.11.3.rel1.win32_1.1.0.202305231506/tools/bin/../lib/gcc/arm-none-eabi/11.3.1/../../../../arm-none-eabi/lib/thumb/v7e-m+dp/hard\libc_nano.a(libc_a-exit.o)
                              C:/ST/STM32CubeIDE_1.13.1/STM32CubeIDE/plugins/com.st.stm32cube.ide.mcu.externaltools.gnu-tools-for-stm32.11.3.rel1.win32_1.1.0.202305231506/tools/bin/../lib/gcc/arm-none-eabi/11.3.1/../../../../arm-none-eabi/lib/thumb/v7e-m+dp/hard/crt0.o (exit)
C:/ST/STM32CubeIDE_1.13.1/STM32CubeIDE/plugins/com.st.stm32cube.ide.mcu.externaltools.gnu-tools-for-stm32.11.3.rel1.win32_1.1.0.202305231506/tools/bin/../lib/gcc/arm-none-eabi/11.3.1/../../../../arm-none-eabi/lib/thumb/v7e-m+dp/hard\libc_nano.a(libc_a-findfp.o)
                              C:/ST/STM32CubeIDE_1.13.1/STM32CubeIDE/plugins/com.st.stm32cube.ide.mcu.externaltools.gnu-tools-for-stm32.11.3.rel1.win32_1.1.0.202305231506/tools/bin/../lib/gcc/arm-none-eabi/11.3.1/../../../../arm-none-eabi/lib/thumb/v7e-m+dp/hard\libc_nano.a(libc_a-exit.o) (__stdio_exit_handler)
C:/ST/STM32CubeIDE_1.13.1/STM32CubeIDE/plugins/com.st.stm32cube.ide.mcu.externaltools.gnu-tools-for-stm32.11.3.rel1.win32_1.1.0.202305231506/tools/bin/../lib/gcc/arm-none-eabi/11.3.1/../../../../arm-none-eabi/lib/thumb/v7e-m+dp/hard\libc_nano.a(libc_a-fwalk.o)
                              C:/ST/STM32CubeIDE_1.13.1/STM32CubeIDE/plugins/com.st.stm32cube.ide.mcu.externaltools.gnu-tools-for-stm32.11.3.rel1.win32_1.1.0.202305231506/tools/bin/../lib/gcc/arm-none-eabi/11.3.1/../../../../arm-none-eabi/lib/thumb/v7e-m+dp/hard\libc_nano.a(libc_a-findfp.o) (_fwalk_sglue)
C:/ST/STM32CubeIDE_1.13.1/STM32CubeIDE/plugins/com.st.stm32cube.ide.mcu.externaltools.gnu-tools-for-stm32.11.3.rel1.win32_1.1.0.202305231506/tools/bin/../lib/gcc/arm-none-eabi/11.3.1/../../../../arm-none-eabi/lib/thumb/v7e-m+dp/hard\libc_nano.a(libc_a-stdio.o)
                              C:/ST/STM32CubeIDE_1.13.1/STM32CubeIDE/plugins/com.st.stm32cube.ide.mcu.externaltools.gnu-tools-for-stm32.11.3.rel1.win32_1.1.0.202305231506/tools/bin/../lib/gcc/arm-none-eabi/11.3.1/../../../../arm-none-eabi/lib/thumb/v7e-m+dp/hard\libc_nano.a(libc_a-findfp.o) (__sread)
C:/ST/STM32CubeIDE_1.13.1/STM32CubeIDE/plugins/com.st.stm32cube.ide.mcu.externaltools.gnu-tools-for-stm32.11.3.rel1.win32_1.1.0.202305231506/tools/bin/../lib/gcc/arm-none-eabi/11.3.1/../../../../arm-none-eabi/lib/thumb/v7e-m+dp/hard\libc_nano.a(libc_a-memset.o)
                              C:/ST/STM32CubeIDE_1.13.1/STM32CubeIDE/plugins/com.st.stm32cube.ide.mcu.externaltools.gnu-tools-for-stm32.11.3.rel1.win32_1.1.0.202305231506/tools/bin/../lib/gcc/arm-none-eabi/11.3.1/../../../../arm-none-eabi/lib/thumb/v7e-m+dp/hard/crt0.o (memset)
C:/ST/STM32CubeIDE_1.13.1/STM32CubeIDE/plugins/com.st.stm32cube.ide.mcu.externaltools.gnu-tools-for-stm32.11.3.rel1.win32_1.1.0.202305231506/tools/bin/../lib/gcc/arm-none-eabi/11.3.1/../../../../arm-none-eabi/lib/thumb/v7e-m+dp/hard\libc_nano.a(libc_a-closer.o)
                              C:/ST/STM32CubeIDE_1.13.1/STM32CubeIDE/plugins/com.st.stm32cube.ide.mcu.externaltools.gnu-tools-for-stm32.11.3.rel1.win32_1.1.0.202305231506/tools/bin/../lib/gcc/arm-none-eabi/11.3.1/../../../../arm-none-eabi/lib/thumb/v7e-m+dp/hard\libc_nano.a(libc_a-stdio.o) (_close_r)
C:/ST/STM32CubeIDE_1.13.1/STM32CubeIDE/plugins/com.st.stm32cube.ide.mcu.externaltools.gnu-tools-for-stm32.11.3.rel1.win32_1.1.0.202305231506/tools/bin/../lib/gcc/arm-none-eabi/11.3.1/../../../../arm-none-eabi/lib/thumb/v7e-m+dp/hard\libc_nano.a(libc_a-reent.o)
                              C:/ST/STM32CubeIDE_1.13.1/STM32CubeIDE/plugins/com.st.stm32cube.ide.mcu.externaltools.gnu-tools-for-stm32.11.3.rel1.win32_1.1.0.202305231506/tools/bin/../lib/gcc/arm-none-eabi/11.3.1/../../../../arm-none-eabi/lib/thumb/v7e-m+dp/hard\libc_nano.a(libc_a-closer.o) (errno)
C:/ST/STM32CubeIDE_1.13.1/STM32CubeIDE/plugins/com.st.stm32cube.ide.mcu.externaltools.gnu-tools-for-stm32.11.3.rel1.win32_1.1.0.202305231506/tools/bin/../lib/gcc/arm-none-eabi/11.3.1/../../../../arm-none-eabi/lib/thumb/v7e-m+dp/hard\libc_nano.a(libc_a-impure.o)
                              C:/ST/STM32CubeIDE_1.13.1/STM32CubeIDE/plugins/com.st.stm32cube.ide.mcu.externaltools.gnu-tools-for-stm32.11.3.rel1.win32_1.1.0.202305231506/tools/bin/../lib/gcc/arm-none-eabi/11.3.1/../../../../arm-none-eabi/lib/thumb/v7e-m+dp/hard\libc_nano.a(libc_a-reent.o) (_impure_ptr)
C:/ST/STM32CubeIDE_1.13.1/STM32CubeIDE/plugins/com.st.stm32cube.ide.mcu.externaltools.gnu-tools-for-stm32.11.3.rel1.win32_1.1.0.202305231506/tools/bin/../lib/gcc/arm-none-eabi/11.3.1/../../../../arm-none-eabi/lib/thumb/v7e-m+dp/hard\libc_nano.a(libc_a-lseekr.o)
[...]
Memory Configuration

Name             Origin             Length             Attributes
FLASH            0x0000000008000000 0x0000000000200000 xr
DTCMRAM          0x0000000020000000 0x0000000000020000 xrw
RAM_D1           0x0000000024000000 0x0000000000080000 xrw
RAM_D2           0x0000000030000000 0x0000000000048000 xrw
RAM_D3           0x0000000038000000 0x0000000000010000 xrw
ITCMRAM          0x0000000000000000 0x0000000000010000 xrw
*default*        0x0000000000000000 0xffffffffffffffff

Linker script and memory map

LOAD C:/ST/STM32CubeIDE_1.13.1/STM32CubeIDE/plugins/com.st.stm32cube.ide.mcu.externaltools.gnu-tools-for-stm32.11.3.rel1.win32_1.1.0.202305231506/tools/bin/../lib/gcc/arm-none-eabi/11.3.1/thumb/v7e-m+dp/hard/crti.o
LOAD C:/ST/STM32CubeIDE_1.13.1/STM32CubeIDE/plugins/com.st.stm32cube.ide.mcu.externaltools.gnu-tools-for-stm32.11.3.rel1.win32_1.1.0.202305231506/tools/bin/../lib/gcc/arm-none-eabi/11.3.1/thumb/v7e-m+dp/hard/crtbegin.o
LOAD C:/ST/STM32CubeIDE_1.13.1/STM32CubeIDE/plugins/com.st.stm32cube.ide.mcu.externaltools.gnu-tools-for-stm32.11.3.rel1.win32_1.1.0.202305231506/tools/bin/../lib/gcc/arm-none-eabi/11.3.1/../../../../arm-none-eabi/lib/thumb/v7e-m+dp/hard/crt0.o
LOAD ./Core/Src/main.o
LOAD ./Core/Src/stm32h7xx_hal_msp.o
LOAD ./Core/Src/stm32h7xx_it.o
LOAD ./Core/Src/syscalls.o
LOAD ./Core/Src/sysmem.o
LOAD ./Core/Src/system_stm32h7xx.o
LOAD ./Core/Startup/startup_stm32h743zitx.o
LOAD ./Drivers/STM32H7xx_HAL_Driver/Src/stm32h7xx_hal.o
LOAD ./Drivers/STM32H7xx_HAL_Driver/Src/stm32h7xx_hal_adc.o
LOAD ./Drivers/STM32H7xx_HAL_Driver/Src/stm32h7xx_hal_adc_ex.o
LOAD ./Drivers/STM32H7xx_HAL_Driver/Src/stm32h7xx_hal_cortex.o
LOAD ./Drivers/STM32H7xx_HAL_Driver/Src/stm32h7xx_hal_dma.o
LOAD ./Drivers/STM32H7xx_HAL_Driver/Src/stm32h7xx_hal_dma_ex.o
LOAD ./Drivers/STM32H7xx_HAL_Driver/Src/stm32h7xx_hal_exti.o
LOAD ./Drivers/STM32H7xx_HAL_Driver/Src/stm32h7xx_hal_flash.o
LOAD ./Drivers/STM32H7xx_HAL_Driver/Src/stm32h7xx_hal_flash_ex.o
LOAD ./Drivers/STM32H7xx_HAL_Driver/Src/stm32h7xx_hal_gpio.o
LOAD ./Drivers/STM32H7xx_HAL_Driver/Src/stm32h7xx_hal_hsem.o
LOAD ./Drivers/STM32H7xx_HAL_Driver/Src/stm32h7xx_hal_i2c.o
LOAD ./Drivers/STM32H7xx_HAL_Driver/Src/stm32h7xx_hal_i2c_ex.o
LOAD ./Drivers/STM32H7xx_HAL_Driver/Src/stm32h7xx_hal_mdma.o
LOAD ./Drivers/STM32H7xx_HAL_Driver/Src/stm32h7xx_hal_pwr.o
LOAD ./Drivers/STM32H7xx_HAL_Driver/Src/stm32h7xx_hal_pwr_ex.o
LOAD ./Drivers/STM32H7xx_HAL_Driver/Src/stm32h7xx_hal_rcc.o
LOAD ./Drivers/STM32H7xx_HAL_Driver/Src/stm32h7xx_hal_rcc_ex.o
LOAD ./Drivers/STM32H7xx_HAL_Driver/Src/stm32h7xx_hal_spi.o
LOAD ./Drivers/STM32H7xx_HAL_Driver/Src/stm32h7xx_hal_spi_ex.o
LOAD ./Drivers/STM32H7xx_HAL_Driver/Src/stm32h7xx_hal_tim.o
LOAD ./Drivers/STM32H7xx_HAL_Driver/Src/stm32h7xx_hal_tim_ex.o
LOAD ./Drivers/STM32H7xx_HAL_Driver/Src/stm32h7xx_hal_uart.o
LOAD ./Drivers/STM32H7xx_HAL_Driver/Src/stm32h7xx_hal_uart_ex.o
START GROUP
LOAD C:/ST/STM32CubeIDE_1.13.1/STM32CubeIDE/plugins/com.st.stm32cube.ide.mcu.externaltools.gnu-tools-for-stm32.11.3.rel1.win32_1.1.0.202305231506/tools/bin/../lib/gcc/arm-none-eabi/11.3.1/../../../../arm-none-eabi/lib/thumb/v7e-m+dp/hard\libc_nano.a
LOAD C:/ST/STM32CubeIDE_1.13.1/STM32CubeIDE/plugins/com.st.stm32cube.ide.mcu.externaltools.gnu-tools-for-stm32.11.3.rel1.win32_1.1.0.202305231506/tools/bin/../lib/gcc/arm-none-eabi/11.3.1/../../../../arm-none-eabi/lib/thumb/v7e-m+dp/hard\libm.a
END GROUP
START GROUP
LOAD C:/ST/STM32CubeIDE_1.13.1/STM32CubeIDE/plugins/com.st.stm32cube.ide.mcu.externaltools.gnu-tools-for-stm32.11.3.rel1.win32_1.1.0.202305231506/tools/bin/../lib/gcc/arm-none-eabi/11.3.1/thumb/v7e-m+dp/hard\libgcc.a
LOAD C:/ST/STM32CubeIDE_1.13.1/STM32CubeIDE/plugins/com.st.stm32cube.ide.mcu.externaltools.gnu-tools-for-stm32.11.3.rel1.win32_1.1.0.202305231506/tools/bin/../lib/gcc/arm-none-eabi/11.3.1/../../../../arm-none-eabi/lib/thumb/v7e-m+dp/hard\libc_nano.a
END GROUP
START GROUP
LOAD C:/ST/STM32CubeIDE_1.13.1/STM32CubeIDE/plugins/com.st.stm32cube.ide.mcu.externaltools.gnu-tools-for-stm32.11.3.rel1.win32_1.1.0.202305231506/tools/bin/../lib/gcc/arm-none-eabi/11.3.1/thumb/v7e-m+dp/hard\libgcc.a
LOAD C:/ST/STM32CubeIDE_1.13.1/STM32CubeIDE/plugins/com.st.stm32cube.ide.mcu.externaltools.gnu-tools-for-stm32.11.3.rel1.win32_1.1.0.202305231506/tools/bin/../lib/gcc/arm-none-eabi/11.3.1/../../../../arm-none-eabi/lib/thumb/v7e-m+dp/hard\libc_nano.a
LOAD C:/ST/STM32CubeIDE_1.13.1/STM32CubeIDE/plugins/com.st.stm32cube.ide.mcu.externaltools.gnu-tools-for-stm32.11.3.rel1.win32_1.1.0.202305231506/tools/bin/../lib/gcc/arm-none-eabi/11.3.1/../../../../arm-none-eabi/lib/thumb/v7e-m+dp/hard\libnosys.a
END GROUP
START GROUP
LOAD C:/ST/STM32CubeIDE_1.13.1/STM32CubeIDE/plugins/com.st.stm32cube.ide.mcu.externaltools.gnu-tools-for-stm32.11.3.rel1.win32_1.1.0.202305231506/tools/bin/../lib/gcc/arm-none-eabi/11.3.1/thumb/v7e-m+dp/hard\libgcc.a
LOAD C:/ST/STM32CubeIDE_1.13.1/STM32CubeIDE/plugins/com.st.stm32cube.ide.mcu.externaltools.gnu-tools-for-stm32.11.3.rel1.win32_1.1.0.202305231506/tools/bin/../lib/gcc/arm-none-eabi/11.3.1/../../../../arm-none-eabi/lib/thumb/v7e-m+dp/hard\libc_nano.a
LOAD C:/ST/STM32CubeIDE_1.13.1/STM32CubeIDE/plugins/com.st.stm32cube.ide.mcu.externaltools.gnu-tools-for-stm32.11.3.rel1.win32_1.1.0.202305231506/tools/bin/../lib/gcc/arm-none-eabi/11.3.1/../../../../arm-none-eabi/lib/thumb/v7e-m+dp/hard\libnosys.a
END GROUP
LOAD C:/ST/STM32CubeIDE_1.13.1/STM32CubeIDE/plugins/com.st.stm32cube.ide.mcu.externaltools.gnu-tools-for-stm32.11.3.rel1.win32_1.1.0.202305231506/tools/bin/../lib/gcc/arm-none-eabi/11.3.1/thumb/v7e-m+dp/hard/crtend.o
LOAD C:/ST/STM32CubeIDE_1.13.1/STM32CubeIDE/plugins/com.st.stm32cube.ide.mcu.externaltools.gnu-tools-for-stm32.11.3.rel1.win32_1.1.0.202305231506/tools/bin/../lib/gcc/arm-none-eabi/11.3.1/thumb/v7e-m+dp/hard/crtn.o
                0x0000000024080000                _estack = (ORIGIN (RAM_D1) + LENGTH (RAM_D1))
                0x0000000000000200                _Min_Heap_Size = 0x200
                0x0000000000000400                _Min_Stack_Size = 0x400

.isr_vector     0x0000000008000000      0x298
                0x0000000008000000                . = ALIGN (0x4)
 *(.isr_vector)
 .isr_vector    0x0000000008000000      0x298 ./Core/Startup/startup_stm32h743zitx.o
                0x0000000008000000                g_pfnVectors
                0x0000000008000298                . = ALIGN (0x4)

.text           0x0000000008000298     0xf5b0
                0x0000000008000298                . = ALIGN (0x4)
 *(.text)
 .text          0x0000000008000298       0x40 C:/ST/STM32CubeIDE_1.13.1/STM32CubeIDE/plugins/com.st.stm32cube.ide.mcu.externaltools.gnu-tools-for-stm32.11.3.rel1.win32_1.1.0.202305231506/tools/bin/../lib/gcc/arm-none-eabi/11.3.1/thumb/v7e-m+dp/hard/crtbegin.o
 .text          0x00000000080002d8       0x30 C:/ST/STM32CubeIDE_1.13.1/STM32CubeIDE/plugins/com.st.stm32cube.ide.mcu.externaltools.gnu-tools-for-stm32.11.3.rel1.win32_1.1.0.202305231506/tools/bin/../lib/gcc/arm-none-eabi/11.3.1/thumb/v7e-m+dp/hard\libgcc.a(_aeabi_uldivmod.o)
                0x00000000080002d8                __aeabi_uldivmod
 .text          0x0000000008000308      0x2c8 C:/ST/STM32CubeIDE_1.13.1/STM32CubeIDE/plugins/com.st.stm32cube.ide.mcu.externaltools.gnu-tools-for-stm32.11.3.rel1.win32_1.1.0.202305231506/tools/bin/../lib/gcc/arm-none-eabi/11.3.1/thumb/v7e-m+dp/hard\libgcc.a(_udivmoddi4.o)
                0x0000000008000308                __udivmoddi4
 .text          0x00000000080005d0        0x4 C:/ST/STM32CubeIDE_1.13.1/STM32CubeIDE/plugins/com.st.stm32cube.ide.mcu.externaltools.gnu-tools-for-stm32.11.3.rel1.win32_1.1.0.202305231506/tools/bin/../lib/gcc/arm-none-eabi/11.3.1/thumb/v7e-m+dp/hard\libgcc.a(_dvmd_tls.o)
                0x00000000080005d0                __aeabi_idiv0
                0x00000000080005d0                __aeabi_ldiv0
 *(.text*)
 .text.PCModbusRTU
                0x00000000080005d4      0x6a4 ./Core/Src/main.o
                0x00000000080005d4                PCModbusRTU
 .text.UUTModbusRTU
                0x0000000008000c78      0xd34 ./Core/Src/main.o
                0x0000000008000c78                UUTModbusRTU
 .text.SerialTransmit
                0x00000000080019ac       0x2c ./Core/Src/main.o
                0x00000000080019ac                SerialTransmit
 .text.UUTSerialTransmit
                0x00000000080019d8       0x4c ./Core/Src/main.o
                0x00000000080019d8                UUTSerialTransmit
 .text.ReadInputs
                0x0000000008001a24      0x2dc ./Core/Src/main.o
                0x0000000008001a24                ReadInputs
 .text.read_analog_data1
                0x0000000008001d00      0x360 ./Core/Src/main.o
                0x0000000008001d00                read_analog_data1
 .text.update_led
                0x0000000008002060       0x34 ./Core/Src/main.o
                0x0000000008002060                update_led
 .text.change_uut_state
                0x0000000008002094       0x28 ./Core/Src/main.o
                0x0000000008002094                change_uut_state
 .text.clear_uut_data
                0x00000000080020bc       0x74 ./Core/Src/main.o
                0x00000000080020bc                clear_uut_data
 .text.clear_pico_valve_data
                0x0000000008002130       0xb0 ./Core/Src/main.o
                0x0000000008002130                clear_pico_valve_data
 .text.set_clear_relay_output
                0x00000000080021e0       0x7c ./Core/Src/main.o
                0x00000000080021e0                set_clear_relay_output
 .text.set_clear_v33_output
                0x000000000800225c       0x78 ./Core/Src/main.o
                0x000000000800225c                set_clear_v33_output
 .text.set_clear_v33diff_output
                0x00000000080022d4       0x78 ./Core/Src/main.o
                0x00000000080022d4                set_clear_v33diff_output
 .text.set_clear_v24_source_output
                0x000000000800234c       0x78 ./Core/Src/main.o
                0x000000000800234c                set_clear_v24_source_output
 .text.update_analog_output1
                0x00000000080023c4      0x2e0 ./Core/Src/main.o
                0x00000000080023c4                update_analog_output1
 .text.update_analog_output
                0x00000000080026a4      0x2e0 ./Core/Src/main.o
                0x00000000080026a4                update_analog_output
 .text.set_clear_v24_sink_output
                0x0000000008002984       0x78 ./Core/Src/main.o
                0x0000000008002984                set_clear_v24_sink_output
 .text.PCP_pulse_counter_test
                0x00000000080029fc      0x15c ./Core/Src/main.o
                0x00000000080029fc                PCP_pulse_counter_test
 .text.Ultimus_Pressure_Sensor1_Test
                0x0000000008002b58       0xa4 ./Core/Src/main.o
                0x0000000008002b58                Ultimus_Pressure_Sensor1_Test
 .text.Ultimus_Pressure_Sensor2_Test
                0x0000000008002bfc       0xa4 ./Core/Src/main.o
                0x0000000008002bfc                Ultimus_Pressure_Sensor2_Test
 .text.set_clear_uut_power
                0x0000000008002ca0       0x3c ./Core/Src/main.o
                0x0000000008002ca0                set_clear_uut_power
 .text.ClearOutputs
                0x0000000008002cdc      0x234 ./Core/Src/main.o
                0x0000000008002cdc                ClearOutputs
 .text.calculate_board_power
                0x0000000008002f10       0xa0 ./Core/Src/main.o
                0x0000000008002f10                calculate_board_power
 .text.ProcessPCCommands
                0x0000000008002fb0      0x20c ./Core/Src/main.o
                0x0000000008002fb0                ProcessPCCommands
 .text.FillTransmitBuffer
                0x00000000080031bc       0x94 ./Core/Src/main.o
                0x00000000080031bc                FillTransmitBuffer
 .text.CRC16    0x0000000008003250       0x6c ./Core/Src/main.o
                0x0000000008003250                CRC16
 .text.average_samples
                0x00000000080032bc       0x94 ./Core/Src/main.o
                0x00000000080032bc                average_samples
 .text.clear_pulse_counter
                0x0000000008003350       0x60 ./Core/Src/main.o
                0x0000000008003350                clear_pulse_counter
 .text.start_fall_time_test
                0x00000000080033b0       0x48 ./Core/Src/main.o
                0x00000000080033b0                start_fall_time_test
 .text.start_rise_time_test
                0x00000000080033f8       0x48 ./Core/Src/main.o
                0x00000000080033f8                start_rise_time_test
 .text.main     0x0000000008003440      0x5b8 ./Core/Src/main.o
                0x0000000008003440                main
 .text.SystemClock_Config
                0x00000000080039f8       0xf4 ./Core/Src/main.o
                0x00000000080039f8                SystemClock_Config
 .text.PeriphCommonClock_Config
                0x0000000008003aec       0x9c ./Core/Src/main.o
                0x0000000008003aec                PeriphCommonClock_Config
 .text.MX_ADC1_Init
                0x0000000008003b88      0x2bc ./Core/Src/main.o
 .text.MX_ADC3_Init
                0x0000000008003e44       0xf8 ./Core/Src/main.o
 .text.MX_SPI2_Init
                0x0000000008003f3c       0xb0 ./Core/Src/main.o
 .text.MX_SPI3_Init
                0x0000000008003fec       0xac ./Core/Src/main.o
 .text.MX_SPI4_Init
                0x0000000008004098       0xac ./Core/Src/main.o
 .text.MX_TIM6_Init
                0x0000000008004144       0x70 ./Core/Src/main.o
 .text.MX_TIM7_Init
                0x00000000080041b4       0x6c ./Core/Src/main.o
 .text.MX_USART1_UART_Init
                0x0000000008004220       0xa8 ./Core/Src/main.o
 .text.MX_USART2_UART_Init
                0x00000000080042c8       0x98 ./Core/Src/main.o
 .text.MX_GPIO_Init
                0x0000000008004360      0x2e0 ./Core/Src/main.o
 .text.MPU_Config
                0x0000000008004640       0x58 ./Core/Src/main.o
 .text.Error_Handler
                0x0000000008004698        0xa ./Core/Src/main.o
                0x0000000008004698                Error_Handler
 *fill*         0x00000000080046a2        0x2 
 .text.HAL_MspInit
                0x00000000080046a4       0x34 ./Core/Src/stm32h7xx_hal_msp.o
                0x00000000080046a4                HAL_MspInit
 .text.HAL_ADC_MspInit
                0x00000000080046d8      0x164 ./Core/Src/stm32h7xx_hal_msp.o
                0x00000000080046d8                HAL_ADC_MspInit
 .text.HAL_SPI_MspInit
                0x000000000800483c      0x188 ./Core/Src/stm32h7xx_hal_msp.o
                0x000000000800483c                HAL_SPI_MspInit
 .text.HAL_TIM_Base_MspInit
                0x00000000080049c4       0x90 ./Core/Src/stm32h7xx_hal_msp.o
                0x00000000080049c4                HAL_TIM_Base_MspInit
 .text.HAL_UART_MspInit
                0x0000000008004a54      0x124 ./Core/Src/stm32h7xx_hal_msp.o
                0x0000000008004a54                HAL_UART_MspInit
 .text.NMI_Handler
                0x0000000008004b78        0x6 ./Core/Src/stm32h7xx_it.o
                0x0000000008004b78                NMI_Handler
 .text.HardFault_Handler
                0x0000000008004b7e        0x6 ./Core/Src/stm32h7xx_it.o
                0x0000000008004b7e                HardFault_Handler
 .text.MemManage_Handler
                0x0000000008004b84        0x6 ./Core/Src/stm32h7xx_it.o
                0x0000000008004b84                MemManage_Handler
 .text.BusFault_Handler
                0x0000000008004b8a        0x6 ./Core/Src/stm32h7xx_it.o
                0x0000000008004b8a                BusFault_Handler
 .text.UsageFault_Handler
                0x0000000008004b90        0x6 ./Core/Src/stm32h7xx_it.o
                0x0000000008004b90                UsageFault_Handler
 .text.SVC_Handler
                0x0000000008004b96        0xe ./Core/Src/stm32h7xx_it.o
                0x0000000008004b96                SVC_Handler
 .text.DebugMon_Handler
                0x0000000008004ba4        0xe ./Core/Src/stm32h7xx_it.o
                0x0000000008004ba4                DebugMon_Handler
 .text.PendSV_Handler
                0x0000000008004bb2        0xe ./Core/Src/stm32h7xx_it.o
                0x0000000008004bb2                PendSV_Handler
 .text.SysTick_Handler
                0x0000000008004bc0        0xc ./Core/Src/stm32h7xx_it.o
                0x0000000008004bc0                SysTick_Handler
 .text.SPI2_IRQHandler
                0x0000000008004bcc       0x14 ./Core/Src/stm32h7xx_it.o
                0x0000000008004bcc                SPI2_IRQHandler
 .text.USART1_IRQHandler
                0x0000000008004be0       0x40 ./Core/Src/stm32h7xx_it.o
                0x0000000008004be0                USART1_IRQHandler
 .text.USART2_IRQHandler
                0x0000000008004c20       0x40 ./Core/Src/stm32h7xx_it.o
                0x0000000008004c20                USART2_IRQHandler
 .text.TIM6_DAC_IRQHandler
                0x0000000008004c60       0xcc ./Core/Src/stm32h7xx_it.o
                0x0000000008004c60                TIM6_DAC_IRQHandler
 *fill*         0x0000000008004d2c        0x4 
 .text.TIM7_IRQHandler
                0x0000000008004d30      0x120 ./Core/Src/stm32h7xx_it.o
                0x0000000008004d30                TIM7_IRQHandler
 .text.SystemInit
                0x0000000008004e50      0x110 ./Core/Src/system_stm32h7xx.o
                0x0000000008004e50                SystemInit
 .text.Reset_Handler
                0x0000000008004f60       0x50 ./Core/Startup/startup_stm32h743zitx.o
                0x0000000008004f60                Reset_Handler
 .text.Default_Handler
                0x0000000008004fb0        0x2 ./Core/Startup/startup_stm32h743zitx.o
                0x0000000008004fb0                RTC_Alarm_IRQHandler
                0x0000000008004fb0                EXTI2_IRQHandler
                0x0000000008004fb0                TIM8_CC_IRQHandler
                0x0000000008004fb0                HRTIM1_Master_IRQHandler
                0x0000000008004fb0                UART8_IRQHandler
                0x0000000008004fb0                SPI4_IRQHandler
                0x0000000008004fb0                TIM1_CC_IRQHandler
                0x0000000008004fb0                BDMA_Channel6_IRQHandler
                0x0000000008004fb0                DMA2_Stream5_IRQHandler
                0x0000000008004fb0                HRTIM1_FLT_IRQHandler
                0x0000000008004fb0                JPEG_IRQHandler
                0x0000000008004fb0                DMA1_Stream5_IRQHandler
                0x0000000008004fb0                BDMA_Channel1_IRQHandler
                0x0000000008004fb0                HRTIM1_TIMD_IRQHandler
                0x0000000008004fb0                TAMP_STAMP_IRQHandler
                0x0000000008004fb0                EXTI3_IRQHandler
                0x0000000008004fb0                LPTIM4_IRQHandler
                0x0000000008004fb0                TIM8_TRG_COM_TIM14_IRQHandler
                0x0000000008004fb0                LPTIM2_IRQHandler
                0x0000000008004fb0                DFSDM1_FLT1_IRQHandler
                0x0000000008004fb0                DMAMUX2_OVR_IRQHandler
                0x0000000008004fb0                TIM8_UP_TIM13_IRQHandler
                0x0000000008004fb0                I2C3_ER_IRQHandler
                0x0000000008004fb0                DFSDM1_FLT2_IRQHandler
                0x0000000008004fb0                MDMA_IRQHandler
                0x0000000008004fb0                LPTIM3_IRQHandler
                0x0000000008004fb0                HSEM1_IRQHandler
                0x0000000008004fb0                EXTI0_IRQHandler
                0x0000000008004fb0                I2C2_EV_IRQHandler
                0x0000000008004fb0                DMA1_Stream2_IRQHandler
                0x0000000008004fb0                FPU_IRQHandler
                0x0000000008004fb0                OTG_HS_WKUP_IRQHandler
                0x0000000008004fb0                FDCAN1_IT1_IRQHandler
                0x0000000008004fb0                LTDC_ER_IRQHandler
                0x0000000008004fb0                DMA2_Stream2_IRQHandler
                0x0000000008004fb0                HRTIM1_TIME_IRQHandler
                0x0000000008004fb0                SPI1_IRQHandler
                0x0000000008004fb0                DCMI_IRQHandler
                0x0000000008004fb0                HRTIM1_TIMC_IRQHandler
                0x0000000008004fb0                DMA2_Stream3_IRQHandler
                0x0000000008004fb0                SAI2_IRQHandler
                0x0000000008004fb0                DFSDM1_FLT3_IRQHandler
                0x0000000008004fb0                USART6_IRQHandler
                0x0000000008004fb0                TIM17_IRQHandler
                0x0000000008004fb0                USART3_IRQHandler
                0x0000000008004fb0                BDMA_Channel7_IRQHandler
                0x0000000008004fb0                LPTIM5_IRQHandler
                0x0000000008004fb0                UART5_IRQHandler
                0x0000000008004fb0                ADC3_IRQHandler
                0x0000000008004fb0                DMA2_Stream0_IRQHandler
                0x0000000008004fb0                TIM4_IRQHandler
                0x0000000008004fb0                BDMA_Channel2_IRQHandler
                0x0000000008004fb0                QUADSPI_IRQHandler
                0x0000000008004fb0                I2C1_EV_IRQHandler
                0x0000000008004fb0                DMA1_Stream6_IRQHandler
                0x0000000008004fb0                DMAMUX1_OVR_IRQHandler
                0x0000000008004fb0                DMA1_Stream1_IRQHandler
                0x0000000008004fb0                TIM16_IRQHandler
                0x0000000008004fb0                UART4_IRQHandler
                0x0000000008004fb0                BDMA_Channel5_IRQHandler
                0x0000000008004fb0                TIM3_IRQHandler
                0x0000000008004fb0                RCC_IRQHandler
                0x0000000008004fb0                TIM8_BRK_TIM12_IRQHandler
                0x0000000008004fb0                TIM1_TRG_COM_IRQHandler
                0x0000000008004fb0                Default_Handler
                0x0000000008004fb0                ECC_IRQHandler
                0x0000000008004fb0                CEC_IRQHandler
                0x0000000008004fb0                EXTI15_10_IRQHandler
                0x0000000008004fb0                BDMA_Channel0_IRQHandler
                0x0000000008004fb0                ADC_IRQHandler
                0x0000000008004fb0                DMA1_Stream7_IRQHandler
                0x0000000008004fb0                HRTIM1_TIMA_IRQHandler
                0x0000000008004fb0                SPI5_IRQHandler
                0x0000000008004fb0                SDMMC1_IRQHandler
                0x0000000008004fb0                TIM5_IRQHandler
                0x0000000008004fb0                DMA2_Stream7_IRQHandler
                0x0000000008004fb0                TIM15_IRQHandler
                0x0000000008004fb0                PVD_AVD_IRQHandler
                0x0000000008004fb0                I2C3_EV_IRQHandler
                0x0000000008004fb0                EXTI9_5_IRQHandler
                0x0000000008004fb0                RTC_WKUP_IRQHandler
                0x0000000008004fb0                LTDC_IRQHandler
                0x0000000008004fb0                SAI3_IRQHandler
                0x0000000008004fb0                ETH_WKUP_IRQHandler
                0x0000000008004fb0                SPDIF_RX_IRQHandler
                0x0000000008004fb0                OTG_HS_EP1_IN_IRQHandler
                0x0000000008004fb0                DMA1_Stream0_IRQHandler
                0x0000000008004fb0                CRS_IRQHandler
                0x0000000008004fb0                EXTI4_IRQHandler
                0x0000000008004fb0                RNG_IRQHandler
                0x0000000008004fb0                HRTIM1_TIMB_IRQHandler
                0x0000000008004fb0                FDCAN2_IT1_IRQHandler
                0x0000000008004fb0                ETH_IRQHandler
                0x0000000008004fb0                TIM1_UP_IRQHandler
                0x0000000008004fb0                BDMA_Channel4_IRQHandler
                0x0000000008004fb0                OTG_HS_EP1_OUT_IRQHandler
                0x0000000008004fb0                WWDG_IRQHandler
                0x0000000008004fb0                SPI6_IRQHandler
                0x0000000008004fb0                MDIOS_IRQHandler
                0x0000000008004fb0                I2C4_EV_IRQHandler
                0x0000000008004fb0                FDCAN2_IT0_IRQHandler
                0x0000000008004fb0                LPUART1_IRQHandler
                0x0000000008004fb0                FDCAN1_IT0_IRQHandler
                0x0000000008004fb0                TIM2_IRQHandler
                0x0000000008004fb0                OTG_FS_WKUP_IRQHandler
                0x0000000008004fb0                OTG_HS_IRQHandler
                0x0000000008004fb0                DMA2D_IRQHandler
                0x0000000008004fb0                TIM1_BRK_IRQHandler
                0x0000000008004fb0                EXTI1_IRQHandler
                0x0000000008004fb0                SDMMC2_IRQHandler
                0x0000000008004fb0                OTG_FS_EP1_OUT_IRQHandler
                0x0000000008004fb0                BDMA_Channel3_IRQHandler
                0x0000000008004fb0                UART7_IRQHandler
                0x0000000008004fb0                MDIOS_WKUP_IRQHandler
                0x0000000008004fb0                DFSDM1_FLT0_IRQHandler
                0x0000000008004fb0                SAI4_IRQHandler
                0x0000000008004fb0                I2C2_ER_IRQHandler
                0x0000000008004fb0                DMA2_Stream1_IRQHandler
                0x0000000008004fb0                FLASH_IRQHandler
                0x0000000008004fb0                DMA2_Stream4_IRQHandler
                0x0000000008004fb0                OTG_FS_IRQHandler
                0x0000000008004fb0                SPI3_IRQHandler
                0x0000000008004fb0                WAKEUP_PIN_IRQHandler
                0x0000000008004fb0                DMA1_Stream4_IRQHandler
                0x0000000008004fb0                OTG_FS_EP1_IN_IRQHandler
                0x0000000008004fb0                I2C1_ER_IRQHandler
                0x0000000008004fb0                FMC_IRQHandler
                0x0000000008004fb0                FDCAN_CAL_IRQHandler
                0x0000000008004fb0                SWPMI1_IRQHandler
                0x0000000008004fb0                COMP1_IRQHandler
                0x0000000008004fb0                LPTIM1_IRQHandler
                0x0000000008004fb0                I2C4_ER_IRQHandler
                0x0000000008004fb0                DMA2_Stream6_IRQHandler
                0x0000000008004fb0                SAI1_IRQHandler
                0x0000000008004fb0                DMA1_Stream3_IRQHandler
 *fill*         0x0000000008004fb2        0x2 
 .text.HAL_Init
                0x0000000008004fb4       0x78 ./Drivers/STM32H7xx_HAL_Driver/Src/stm32h7xx_hal.o
                0x0000000008004fb4                HAL_Init
 .text.HAL_InitTick
                0x000000000800502c       0x6c ./Drivers/STM32H7xx_HAL_Driver/Src/stm32h7xx_hal.o
                0x000000000800502c                HAL_InitTick
 .text.HAL_IncTick
                0x0000000008005098       0x28 ./Drivers/STM32H7xx_HAL_Driver/Src/stm32h7xx_hal.o
                0x0000000008005098                HAL_IncTick
 .text.HAL_GetTick
                0x00000000080050c0       0x18 ./Drivers/STM32H7xx_HAL_Driver/Src/stm32h7xx_hal.o
                0x00000000080050c0                HAL_GetTick
 .text.HAL_Delay
                0x00000000080050d8       0x48 ./Drivers/STM32H7xx_HAL_Driver/Src/stm32h7xx_hal.o
                0x00000000080050d8                HAL_Delay
 .text.HAL_GetREVID
                0x0000000008005120       0x18 ./Drivers/STM32H7xx_HAL_Driver/Src/stm32h7xx_hal.o
                0x0000000008005120                HAL_GetREVID
 .text.HAL_SYSCFG_AnalogSwitchConfig
                0x0000000008005138       0x2c ./Drivers/STM32H7xx_HAL_Driver/Src/stm32h7xx_hal.o
                0x0000000008005138                HAL_SYSCFG_AnalogSwitchConfig
 .text.LL_ADC_SetCommonClock
                0x0000000008005164       0x26 ./Drivers/STM32H7xx_HAL_Driver/Src/stm32h7xx_hal_adc.o
 .text.LL_ADC_SetCommonPathInternalCh
                0x000000000800518a       0x26 ./Drivers/STM32H7xx_HAL_Driver/Src/stm32h7xx_hal_adc.o
 .text.LL_ADC_GetCommonPathInternalCh
                0x00000000080051b0       0x1c ./Drivers/STM32H7xx_HAL_Driver/Src/stm32h7xx_hal_adc.o
 .text.LL_ADC_SetOffset
                0x00000000080051cc       0x40 ./Drivers/STM32H7xx_HAL_Driver/Src/stm32h7xx_hal_adc.o
 .text.LL_ADC_SetDataRightShift
                0x000000000800520c       0x32 ./Drivers/STM32H7xx_HAL_Driver/Src/stm32h7xx_hal_adc.o
 .text.LL_ADC_SetOffsetSignedSaturation
                0x000000000800523e       0x36 ./Drivers/STM32H7xx_HAL_Driver/Src/stm32h7xx_hal_adc.o
 .text.LL_ADC_REG_IsTriggerSourceSWStart
                0x0000000008005274       0x26 ./Drivers/STM32H7xx_HAL_Driver/Src/stm32h7xx_hal_adc.o
 .text.LL_ADC_REG_SetSequencerRanks
                0x000000000800529a       0x58 ./Drivers/STM32H7xx_HAL_Driver/Src/stm32h7xx_hal_adc.o
 .text.LL_ADC_SetChannelSamplingTime
                0x00000000080052f2       0x56 ./Drivers/STM32H7xx_HAL_Driver/Src/stm32h7xx_hal_adc.o
 .text.LL_ADC_SetChannelSingleDiff
                0x0000000008005348       0x48 ./Drivers/STM32H7xx_HAL_Driver/Src/stm32h7xx_hal_adc.o
 .text.LL_ADC_GetMultimode
                0x0000000008005390       0x1c ./Drivers/STM32H7xx_HAL_Driver/Src/stm32h7xx_hal_adc.o
 .text.LL_ADC_GetMultiDMATransfer
                0x00000000080053ac       0x1c ./Drivers/STM32H7xx_HAL_Driver/Src/stm32h7xx_hal_adc.o
 .text.LL_ADC_DisableDeepPowerDown
                0x00000000080053c8       0x24 ./Drivers/STM32H7xx_HAL_Driver/Src/stm32h7xx_hal_adc.o
 .text.LL_ADC_IsDeepPowerDownEnabled
                0x00000000080053ec       0x28 ./Drivers/STM32H7xx_HAL_Driver/Src/stm32h7xx_hal_adc.o
 .text.LL_ADC_EnableInternalRegulator
                0x0000000008005414       0x28 ./Drivers/STM32H7xx_HAL_Driver/Src/stm32h7xx_hal_adc.o
 .text.LL_ADC_IsInternalRegulatorEnabled
                0x000000000800543c       0x28 ./Drivers/STM32H7xx_HAL_Driver/Src/stm32h7xx_hal_adc.o
 .text.LL_ADC_Enable
                0x0000000008005464       0x28 ./Drivers/STM32H7xx_HAL_Driver/Src/stm32h7xx_hal_adc.o
 .text.LL_ADC_Disable
                0x000000000800548c       0x28 ./Drivers/STM32H7xx_HAL_Driver/Src/stm32h7xx_hal_adc.o
 .text.LL_ADC_IsEnabled
                0x00000000080054b4       0x26 ./Drivers/STM32H7xx_HAL_Driver/Src/stm32h7xx_hal_adc.o
 .text.LL_ADC_IsDisableOngoing
                0x00000000080054da       0x26 ./Drivers/STM32H7xx_HAL_Driver/Src/stm32h7xx_hal_adc.o
 .text.LL_ADC_REG_StartConversion
                0x0000000008005500       0x28 ./Drivers/STM32H7xx_HAL_Driver/Src/stm32h7xx_hal_adc.o
 .text.LL_ADC_REG_StopConversion
                0x0000000008005528       0x28 ./Drivers/STM32H7xx_HAL_Driver/Src/stm32h7xx_hal_adc.o
 .text.LL_ADC_REG_IsConversionOngoing
                0x0000000008005550       0x26 ./Drivers/STM32H7xx_HAL_Driver/Src/stm32h7xx_hal_adc.o
 *fill*         0x0000000008005576        0x2 
 .text.LL_ADC_INJ_StopConversion
                0x0000000008005578       0x28 ./Drivers/STM32H7xx_HAL_Driver/Src/stm32h7xx_hal_adc.o
 .text.LL_ADC_INJ_IsConversionOngoing
                0x00000000080055a0       0x26 ./Drivers/STM32H7xx_HAL_Driver/Src/stm32h7xx_hal_adc.o
 *fill*         0x00000000080055c6        0x2 
 .text.HAL_ADC_Init
                0x00000000080055c8      0x344 ./Drivers/STM32H7xx_HAL_Driver/Src/stm32h7xx_hal_adc.o
                0x00000000080055c8                HAL_ADC_Init
 .text.HAL_ADC_Start
                0x000000000800590c      0x194 ./Drivers/STM32H7xx_HAL_Driver/Src/stm32h7xx_hal_adc.o
                0x000000000800590c                HAL_ADC_Start
 .text.HAL_ADC_Stop
                0x0000000008005aa0       0x68 ./Drivers/STM32H7xx_HAL_Driver/Src/stm32h7xx_hal_adc.o
                0x0000000008005aa0                HAL_ADC_Stop
 .text.HAL_ADC_PollForConversion
                0x0000000008005b08      0x1e8 ./Drivers/STM32H7xx_HAL_Driver/Src/stm32h7xx_hal_adc.o
                0x0000000008005b08                HAL_ADC_PollForConversion
 .text.HAL_ADC_GetValue
                0x0000000008005cf0       0x1a ./Drivers/STM32H7xx_HAL_Driver/Src/stm32h7xx_hal_adc.o
                0x0000000008005cf0                HAL_ADC_GetValue
 *fill*         0x0000000008005d0a        0x2 
 .text.HAL_ADC_ConfigChannel
                0x0000000008005d0c      0x6a0 ./Drivers/STM32H7xx_HAL_Driver/Src/stm32h7xx_hal_adc.o
                0x0000000008005d0c                HAL_ADC_ConfigChannel
 .text.ADC_ConversionStop
                0x00000000080063ac      0x178 ./Drivers/STM32H7xx_HAL_Driver/Src/stm32h7xx_hal_adc.o
                0x00000000080063ac                ADC_ConversionStop
 .text.ADC_Enable
                0x0000000008006524      0x114 ./Drivers/STM32H7xx_HAL_Driver/Src/stm32h7xx_hal_adc.o
                0x0000000008006524                ADC_Enable
 .text.ADC_Disable
                0x0000000008006638       0xbe ./Drivers/STM32H7xx_HAL_Driver/Src/stm32h7xx_hal_adc.o
                0x0000000008006638                ADC_Disable
 *fill*         0x00000000080066f6        0x2 
 .text.ADC_ConfigureBoostMode
                0x00000000080066f8      0x218 ./Drivers/STM32H7xx_HAL_Driver/Src/stm32h7xx_hal_adc.o
                0x00000000080066f8                ADC_ConfigureBoostMode
 .text.LL_ADC_IsEnabled
                0x0000000008006910       0x26 ./Drivers/STM32H7xx_HAL_Driver/Src/stm32h7xx_hal_adc_ex.o
 *fill*         0x0000000008006936        0x2 
 .text.LL_ADC_StartCalibration
                0x0000000008006938       0x3c ./Drivers/STM32H7xx_HAL_Driver/Src/stm32h7xx_hal_adc_ex.o
 .text.LL_ADC_IsCalibrationOnGoing
                0x0000000008006974       0x28 ./Drivers/STM32H7xx_HAL_Driver/Src/stm32h7xx_hal_adc_ex.o
 .text.LL_ADC_REG_IsConversionOngoing
                0x000000000800699c       0x26 ./Drivers/STM32H7xx_HAL_Driver/Src/stm32h7xx_hal_adc_ex.o
 *fill*         0x00000000080069c2        0x2 
 .text.HAL_ADCEx_Calibration_Start
                0x00000000080069c4       0xc8 ./Drivers/STM32H7xx_HAL_Driver/Src/stm32h7xx_hal_adc_ex.o
                0x00000000080069c4                HAL_ADCEx_Calibration_Start
 .text.HAL_ADCEx_MultiModeConfigChannel
                0x0000000008006a8c      0x1bc ./Drivers/STM32H7xx_HAL_Driver/Src/stm32h7xx_hal_adc_ex.o
                0x0000000008006a8c                HAL_ADCEx_MultiModeConfigChannel
 .text.__NVIC_SetPriorityGrouping
                0x0000000008006c48       0x48 ./Drivers/STM32H7xx_HAL_Driver/Src/stm32h7xx_hal_cortex.o
 .text.__NVIC_GetPriorityGrouping
                0x0000000008006c90       0x1c ./Drivers/STM32H7xx_HAL_Driver/Src/stm32h7xx_hal_cortex.o
 .text.__NVIC_EnableIRQ
                0x0000000008006cac       0x3c ./Drivers/STM32H7xx_HAL_Driver/Src/stm32h7xx_hal_cortex.o
 .text.__NVIC_SetPriority
                0x0000000008006ce8       0x54 ./Drivers/STM32H7xx_HAL_Driver/Src/stm32h7xx_hal_cortex.o
 .text.NVIC_EncodePriority
                0x0000000008006d3c       0x66 ./Drivers/STM32H7xx_HAL_Driver/Src/stm32h7xx_hal_cortex.o
 *fill*         0x0000000008006da2        0x2 
 .text.SysTick_Config
                0x0000000008006da4       0x44 ./Drivers/STM32H7xx_HAL_Driver/Src/stm32h7xx_hal_cortex.o
 .text.HAL_NVIC_SetPriorityGrouping
                0x0000000008006de8       0x16 ./Drivers/STM32H7xx_HAL_Driver/Src/stm32h7xx_hal_cortex.o
                0x0000000008006de8                HAL_NVIC_SetPriorityGrouping
 .text.HAL_NVIC_SetPriority
                0x0000000008006dfe       0x34 ./Drivers/STM32H7xx_HAL_Driver/Src/stm32h7xx_hal_cortex.o
                0x0000000008006dfe                HAL_NVIC_SetPriority
 .text.HAL_NVIC_EnableIRQ
                0x0000000008006e32       0x1c ./Drivers/STM32H7xx_HAL_Driver/Src/stm32h7xx_hal_cortex.o
                0x0000000008006e32                HAL_NVIC_EnableIRQ
 .text.HAL_SYSTICK_Config
                0x0000000008006e4e       0x18 ./Drivers/STM32H7xx_HAL_Driver/Src/stm32h7xx_hal_cortex.o
                0x0000000008006e4e                HAL_SYSTICK_Config
 *fill*         0x0000000008006e66        0x2 
 .text.HAL_MPU_Disable
                0x0000000008006e68       0x30 ./Drivers/STM32H7xx_HAL_Driver/Src/stm32h7xx_hal_cortex.o
                0x0000000008006e68                HAL_MPU_Disable
 .text.HAL_MPU_Enable
                0x0000000008006e98       0x40 ./Drivers/STM32H7xx_HAL_Driver/Src/stm32h7xx_hal_cortex.o
                0x0000000008006e98                HAL_MPU_Enable
 .text.HAL_MPU_ConfigRegion
                0x0000000008006ed8       0x88 ./Drivers/STM32H7xx_HAL_Driver/Src/stm32h7xx_hal_cortex.o
                0x0000000008006ed8                HAL_MPU_ConfigRegion
 .text.HAL_DMA_Abort
                0x0000000008006f60      0x63c ./Drivers/STM32H7xx_HAL_Driver/Src/stm32h7xx_hal_dma.o
                0x0000000008006f60                HAL_DMA_Abort
 .text.HAL_DMA_Abort_IT
                0x000000000800759c      0x48c ./Drivers/STM32H7xx_HAL_Driver/Src/stm32h7xx_hal_dma.o
                0x000000000800759c                HAL_DMA_Abort_IT
 .text.HAL_GPIO_Init
                0x0000000008007a28      0x360 ./Drivers/STM32H7xx_HAL_Driver/Src/stm32h7xx_hal_gpio.o
                0x0000000008007a28                HAL_GPIO_Init
 .text.HAL_GPIO_ReadPin
                0x0000000008007d88       0x30 ./Drivers/STM32H7xx_HAL_Driver/Src/stm32h7xx_hal_gpio.o
                0x0000000008007d88                HAL_GPIO_ReadPin
 .text.HAL_GPIO_WritePin
                0x0000000008007db8       0x32 ./Drivers/STM32H7xx_HAL_Driver/Src/stm32h7xx_hal_gpio.o
                0x0000000008007db8                HAL_GPIO_WritePin
 *fill*         0x0000000008007dea        0x2 
 .text.HAL_PWREx_ConfigSupply
                0x0000000008007dec       0x74 ./Drivers/STM32H7xx_HAL_Driver/Src/stm32h7xx_hal_pwr_ex.o
                0x0000000008007dec                HAL_PWREx_ConfigSupply
 .text.HAL_RCC_OscConfig
                0x0000000008007e60      0x8b4 ./Drivers/STM32H7xx_HAL_Driver/Src/stm32h7xx_hal_rcc.o
                0x0000000008007e60                HAL_RCC_OscConfig
 .text.HAL_RCC_ClockConfig
                0x0000000008008714      0x36c ./Drivers/STM32H7xx_HAL_Driver/Src/stm32h7xx_hal_rcc.o
                0x0000000008008714                HAL_RCC_ClockConfig
 .text.HAL_RCC_GetSysClockFreq
                0x0000000008008a80      0x2f4 ./Drivers/STM32H7xx_HAL_Driver/Src/stm32h7xx_hal_rcc.o
                0x0000000008008a80                HAL_RCC_GetSysClockFreq
 .text.HAL_RCC_GetHCLKFreq
                0x0000000008008d74       0x60 ./Drivers/STM32H7xx_HAL_Driver/Src/stm32h7xx_hal_rcc.o
                0x0000000008008d74                HAL_RCC_GetHCLKFreq
 .text.HAL_RCC_GetPCLK1Freq
                0x0000000008008dd4       0x2c ./Drivers/STM32H7xx_HAL_Driver/Src/stm32h7xx_hal_rcc.o
                0x0000000008008dd4                HAL_RCC_GetPCLK1Freq
 .text.HAL_RCC_GetPCLK2Freq
                0x0000000008008e00       0x2c ./Drivers/STM32H7xx_HAL_Driver/Src/stm32h7xx_hal_rcc.o
                0x0000000008008e00                HAL_RCC_GetPCLK2Freq
 .text.HAL_RCCEx_PeriphCLKConfig
                0x0000000008008e2c     0x1414 ./Drivers/STM32H7xx_HAL_Driver/Src/stm32h7xx_hal_rcc_ex.o
                0x0000000008008e2c                HAL_RCCEx_PeriphCLKConfig
 .text.HAL_RCCEx_GetPeriphCLKFreq
                0x000000000800a240      0xb00 ./Drivers/STM32H7xx_HAL_Driver/Src/stm32h7xx_hal_rcc_ex.o
                0x000000000800a240                HAL_RCCEx_GetPeriphCLKFreq
 .text.HAL_RCCEx_GetD3PCLK1Freq
                0x000000000800ad40       0x2c ./Drivers/STM32H7xx_HAL_Driver/Src/stm32h7xx_hal_rcc_ex.o
                0x000000000800ad40                HAL_RCCEx_GetD3PCLK1Freq
 .text.HAL_RCCEx_GetPLL2ClockFreq
                0x000000000800ad6c      0x2a8 ./Drivers/STM32H7xx_HAL_Driver/Src/stm32h7xx_hal_rcc_ex.o
                0x000000000800ad6c                HAL_RCCEx_GetPLL2ClockFreq
 .text.HAL_RCCEx_GetPLL3ClockFreq
                0x000000000800b014      0x2a8 ./Drivers/STM32H7xx_HAL_Driver/Src/stm32h7xx_hal_rcc_ex.o
                0x000000000800b014                HAL_RCCEx_GetPLL3ClockFreq
 .text.HAL_RCCEx_GetPLL1ClockFreq
                0x000000000800b2bc      0x2a4 ./Drivers/STM32H7xx_HAL_Driver/Src/stm32h7xx_hal_rcc_ex.o
                0x000000000800b2bc                HAL_RCCEx_GetPLL1ClockFreq
 .text.RCCEx_PLL2_Config
                0x000000000800b560      0x164 ./Drivers/STM32H7xx_HAL_Driver/Src/stm32h7xx_hal_rcc_ex.o
 .text.RCCEx_PLL3_Config
                0x000000000800b6c4      0x164 ./Drivers/STM32H7xx_HAL_Driver/Src/stm32h7xx_hal_rcc_ex.o
 .text.HAL_SPI_Init
                0x000000000800b828      0x248 ./Drivers/STM32H7xx_HAL_Driver/Src/stm32h7xx_hal_spi.o
                0x000000000800b828                HAL_SPI_Init
 .text.HAL_SPI_Transmit
                0x000000000800ba70      0x3f8 ./Drivers/STM32H7xx_HAL_Driver/Src/stm32h7xx_hal_spi.o
                0x000000000800ba70                HAL_SPI_Transmit
 .text.HAL_SPI_TransmitReceive
                0x000000000800be68      0x438 ./Drivers/STM32H7xx_HAL_Driver/Src/stm32h7xx_hal_spi.o
                0x000000000800be68                HAL_SPI_TransmitReceive
 .text.HAL_SPI_IRQHandler
                0x000000000800c2a0      0x39c ./Drivers/STM32H7xx_HAL_Driver/Src/stm32h7xx_hal_spi.o
                0x000000000800c2a0                HAL_SPI_IRQHandler
 .text.HAL_SPI_TxCpltCallback
                0x000000000800c63c       0x14 ./Drivers/STM32H7xx_HAL_Driver/Src/stm32h7xx_hal_spi.o
                0x000000000800c63c                HAL_SPI_TxCpltCallback
 .text.HAL_SPI_RxCpltCallback
                0x000000000800c650       0x14 ./Drivers/STM32H7xx_HAL_Driver/Src/stm32h7xx_hal_spi.o
                0x000000000800c650                HAL_SPI_RxCpltCallback
 .text.HAL_SPI_TxRxCpltCallback
                0x000000000800c664       0x14 ./Drivers/STM32H7xx_HAL_Driver/Src/stm32h7xx_hal_spi.o
                0x000000000800c664                HAL_SPI_TxRxCpltCallback
 .text.HAL_SPI_ErrorCallback
                0x000000000800c678       0x14 ./Drivers/STM32H7xx_HAL_Driver/Src/stm32h7xx_hal_spi.o
                0x000000000800c678                HAL_SPI_ErrorCallback
 .text.HAL_SPI_SuspendCallback
                0x000000000800c68c       0x14 ./Drivers/STM32H7xx_HAL_Driver/Src/stm32h7xx_hal_spi.o
                0x000000000800c68c                HAL_SPI_SuspendCallback
 .text.SPI_DMAAbortOnError
                0x000000000800c6a0       0x34 ./Drivers/STM32H7xx_HAL_Driver/Src/stm32h7xx_hal_spi.o
 .text.SPI_CloseTransfer
                0x000000000800c6d4      0x140 ./Drivers/STM32H7xx_HAL_Driver/Src/stm32h7xx_hal_spi.o
 .text.SPI_WaitOnFlagUntilTimeout
                0x000000000800c814       0x5c ./Drivers/STM32H7xx_HAL_Driver/Src/stm32h7xx_hal_spi.o
 .text.SPI_GetPacketSize
                0x000000000800c870       0x36 ./Drivers/STM32H7xx_HAL_Driver/Src/stm32h7xx_hal_spi.o
 .text.HAL_TIM_Base_Init
                0x000000000800c8a6       0xae ./Drivers/STM32H7xx_HAL_Driver/Src/stm32h7xx_hal_tim.o
                0x000000000800c8a6                HAL_TIM_Base_Init
 .text.HAL_TIM_Base_Start_IT
                0x000000000800c954       0xf0 ./Drivers/STM32H7xx_HAL_Driver/Src/stm32h7xx_hal_tim.o
                0x000000000800c954                HAL_TIM_Base_Start_IT
 .text.HAL_TIM_IRQHandler
                0x000000000800ca44      0x23e ./Drivers/STM32H7xx_HAL_Driver/Src/stm32h7xx_hal_tim.o
                0x000000000800ca44                HAL_TIM_IRQHandler
 .text.HAL_TIM_PeriodElapsedCallback
                0x000000000800cc82       0x14 ./Drivers/STM32H7xx_HAL_Driver/Src/stm32h7xx_hal_tim.o
                0x000000000800cc82                HAL_TIM_PeriodElapsedCallback
 .text.HAL_TIM_OC_DelayElapsedCallback
                0x000000000800cc96       0x14 ./Drivers/STM32H7xx_HAL_Driver/Src/stm32h7xx_hal_tim.o
                0x000000000800cc96                HAL_TIM_OC_DelayElapsedCallback
 .text.HAL_TIM_IC_CaptureCallback
                0x000000000800ccaa       0x14 ./Drivers/STM32H7xx_HAL_Driver/Src/stm32h7xx_hal_tim.o
                0x000000000800ccaa                HAL_TIM_IC_CaptureCallback
 .text.HAL_TIM_PWM_PulseFinishedCallback
                0x000000000800ccbe       0x14 ./Drivers/STM32H7xx_HAL_Driver/Src/stm32h7xx_hal_tim.o
                0x000000000800ccbe                HAL_TIM_PWM_PulseFinishedCallback
 .text.HAL_TIM_TriggerCallback
                0x000000000800ccd2       0x14 ./Drivers/STM32H7xx_HAL_Driver/Src/stm32h7xx_hal_tim.o
                0x000000000800ccd2                HAL_TIM_TriggerCallback
 *fill*         0x000000000800cce6        0x2 
 .text.TIM_Base_SetConfig
                0x000000000800cce8      0x134 ./Drivers/STM32H7xx_HAL_Driver/Src/stm32h7xx_hal_tim.o
                0x000000000800cce8                TIM_Base_SetConfig
 .text.HAL_TIMEx_MasterConfigSynchronization
                0x000000000800ce1c      0x11c ./Drivers/STM32H7xx_HAL_Driver/Src/stm32h7xx_hal_tim_ex.o
                0x000000000800ce1c                HAL_TIMEx_MasterConfigSynchronization
 .text.HAL_TIMEx_CommutCallback
                0x000000000800cf38       0x14 ./Drivers/STM32H7xx_HAL_Driver/Src/stm32h7xx_hal_tim_ex.o
                0x000000000800cf38                HAL_TIMEx_CommutCallback
 .text.HAL_TIMEx_BreakCallback
                0x000000000800cf4c       0x14 ./Drivers/STM32H7xx_HAL_Driver/Src/stm32h7xx_hal_tim_ex.o
                0x000000000800cf4c                HAL_TIMEx_BreakCallback
 .text.HAL_TIMEx_Break2Callback
                0x000000000800cf60       0x14 ./Drivers/STM32H7xx_HAL_Driver/Src/stm32h7xx_hal_tim_ex.o
                0x000000000800cf60                HAL_TIMEx_Break2Callback
 .text.HAL_UART_Init
                0x000000000800cf74       0xa0 ./Drivers/STM32H7xx_HAL_Driver/Src/stm32h7xx_hal_uart.o
                0x000000000800cf74                HAL_UART_Init
 .text.HAL_UART_Transmit
                0x000000000800d014      0x11c ./Drivers/STM32H7xx_HAL_Driver/Src/stm32h7xx_hal_uart.o
                0x000000000800d014                HAL_UART_Transmit
 .text.HAL_UART_Receive_IT
                0x000000000800d130       0x98 ./Drivers/STM32H7xx_HAL_Driver/Src/stm32h7xx_hal_uart.o
                0x000000000800d130                HAL_UART_Receive_IT
 .text.HAL_UART_IRQHandler
                0x000000000800d1c8      0x774 ./Drivers/STM32H7xx_HAL_Driver/Src/stm32h7xx_hal_uart.o
                0x000000000800d1c8                HAL_UART_IRQHandler
 .text.HAL_UART_TxCpltCallback
                0x000000000800d93c       0x14 ./Drivers/STM32H7xx_HAL_Driver/Src/stm32h7xx_hal_uart.o
                0x000000000800d93c                HAL_UART_TxCpltCallback
 .text.HAL_UART_RxCpltCallback
                0x000000000800d950       0x14 ./Drivers/STM32H7xx_HAL_Driver/Src/stm32h7xx_hal_uart.o
                0x000000000800d950                HAL_UART_RxCpltCallback
 .text.HAL_UART_ErrorCallback
                0x000000000800d964       0x14 ./Drivers/STM32H7xx_HAL_Driver/Src/stm32h7xx_hal_uart.o
                0x000000000800d964                HAL_UART_ErrorCallback
 .text.HAL_UARTEx_RxEventCallback
                0x000000000800d978       0x18 ./Drivers/STM32H7xx_HAL_Driver/Src/stm32h7xx_hal_uart.o
                0x000000000800d978                HAL_UARTEx_RxEventCallback
 .text.UART_SetConfig
                0x000000000800d990      0xad0 ./Drivers/STM32H7xx_HAL_Driver/Src/stm32h7xx_hal_uart.o
                0x000000000800d990                UART_SetConfig
 .text.UART_AdvFeatureConfig
                0x000000000800e460      0x144 ./Drivers/STM32H7xx_HAL_Driver/Src/stm32h7xx_hal_uart.o
                0x000000000800e460                UART_AdvFeatureConfig
 .text.UART_CheckIdleState
                0x000000000800e5a4      0x154 ./Drivers/STM32H7xx_HAL_Driver/Src/stm32h7xx_hal_uart.o
                0x000000000800e5a4                UART_CheckIdleState
 .text.UART_WaitOnFlagUntilTimeout
                0x000000000800e6f8       0xce ./Drivers/STM32H7xx_HAL_Driver/Src/stm32h7xx_hal_uart.o
                0x000000000800e6f8                UART_WaitOnFlagUntilTimeout
 *fill*         0x000000000800e7c6        0x2 
 .text.UART_Start_Receive_IT
                0x000000000800e7c8      0x244 ./Drivers/STM32H7xx_HAL_Driver/Src/stm32h7xx_hal_uart.o
                0x000000000800e7c8                UART_Start_Receive_IT
 .text.UART_EndRxTransfer
                0x000000000800ea0c       0xcc ./Drivers/STM32H7xx_HAL_Driver/Src/stm32h7xx_hal_uart.o
 .text.UART_DMAAbortOnError
                0x000000000800ead8       0x2c ./Drivers/STM32H7xx_HAL_Driver/Src/stm32h7xx_hal_uart.o
 .text.UART_EndTransmit_IT
                0x000000000800eb04       0x56 ./Drivers/STM32H7xx_HAL_Driver/Src/stm32h7xx_hal_uart.o
 *fill*         0x000000000800eb5a        0x2 
 .text.UART_RxISR_8BIT
                0x000000000800eb5c      0x1b8 ./Drivers/STM32H7xx_HAL_Driver/Src/stm32h7xx_hal_uart.o
 .text.UART_RxISR_16BIT
                0x000000000800ed14      0x1b8 ./Drivers/STM32H7xx_HAL_Driver/Src/stm32h7xx_hal_uart.o
 .text.UART_RxISR_8BIT_FIFOEN
                0x000000000800eecc      0x360 ./Drivers/STM32H7xx_HAL_Driver/Src/stm32h7xx_hal_uart.o
 .text.UART_RxISR_16BIT_FIFOEN
                0x000000000800f22c      0x368 ./Drivers/STM32H7xx_HAL_Driver/Src/stm32h7xx_hal_uart.o
 .text.HAL_UARTEx_WakeupCallback
                0x000000000800f594       0x14 ./Drivers/STM32H7xx_HAL_Driver/Src/stm32h7xx_hal_uart_ex.o
                0x000000000800f594                HAL_UARTEx_WakeupCallback
 .text.HAL_UARTEx_RxFifoFullCallback
                0x000000000800f5a8       0x14 ./Drivers/STM32H7xx_HAL_Driver/Src/stm32h7xx_hal_uart_ex.o
                0x000000000800f5a8                HAL_UARTEx_RxFifoFullCallback
 .text.HAL_UARTEx_TxFifoEmptyCallback
                0x000000000800f5bc       0x14 ./Drivers/STM32H7xx_HAL_Driver/Src/stm32h7xx_hal_uart_ex.o
                0x000000000800f5bc                HAL_UARTEx_TxFifoEmptyCallback
 .text.HAL_UARTEx_DisableFifoMode
                0x000000000800f5d0       0x72 ./Drivers/STM32H7xx_HAL_Driver/Src/stm32h7xx_hal_uart_ex.o
                0x000000000800f5d0                HAL_UARTEx_DisableFifoMode
 .text.HAL_UARTEx_SetTxFifoThreshold
                0x000000000800f642       0x7c ./Drivers/STM32H7xx_HAL_Driver/Src/stm32h7xx_hal_uart_ex.o
                0x000000000800f642                HAL_UARTEx_SetTxFifoThreshold
 .text.HAL_UARTEx_SetRxFifoThreshold
                0x000000000800f6be       0x7c ./Drivers/STM32H7xx_HAL_Driver/Src/stm32h7xx_hal_uart_ex.o
                0x000000000800f6be                HAL_UARTEx_SetRxFifoThreshold
 *fill*         0x000000000800f73a        0x2 
 .text.UARTEx_SetNbDataToProcess
                0x000000000800f73c       0x9c ./Drivers/STM32H7xx_HAL_Driver/Src/stm32h7xx_hal_uart_ex.o
 .text.memset   0x000000000800f7d8       0x10 C:/ST/STM32CubeIDE_1.13.1/STM32CubeIDE/plugins/com.st.stm32cube.ide.mcu.externaltools.gnu-tools-for-stm32.11.3.rel1.win32_1.1.0.202305231506/tools/bin/../lib/gcc/arm-none-eabi/11.3.1/../../../../arm-none-eabi/lib/thumb/v7e-m+dp/hard\libc_nano.a(libc_a-memset.o)
                0x000000000800f7d8                memset
 .text.__libc_init_array
                0x000000000800f7e8       0x48 C:/ST/STM32CubeIDE_1.13.1/STM32CubeIDE/plugins/com.st.stm32cube.ide.mcu.externaltools.gnu-tools-for-stm32.11.3.rel1.win32_1.1.0.202305231506/tools/bin/../lib/gcc/arm-none-eabi/11.3.1/../../../../arm-none-eabi/lib/thumb/v7e-m+dp/hard\libc_nano.a(libc_a-init.o)
                0x000000000800f7e8                __libc_init_array
 *(.glue_7)
 .glue_7        0x000000000800f830        0x0 linker stubs
 *(.glue_7t)
 .glue_7t       0x000000000800f830        0x0 linker stubs
 *(.eh_frame)
 .eh_frame      0x000000000800f830        0x0 C:/ST/STM32CubeIDE_1.13.1/STM32CubeIDE/plugins/com.st.stm32cube.ide.mcu.externaltools.gnu-tools-for-stm32.11.3.rel1.win32_1.1.0.202305231506/tools/bin/../lib/gcc/arm-none-eabi/11.3.1/thumb/v7e-m+dp/hard/crtbegin.o
 *(.init)
 .init          0x000000000800f830        0x4 C:/ST/STM32CubeIDE_1.13.1/STM32CubeIDE/plugins/com.st.stm32cube.ide.mcu.externaltools.gnu-tools-for-stm32.11.3.rel1.win32_1.1.0.202305231506/tools/bin/../lib/gcc/arm-none-eabi/11.3.1/thumb/v7e-m+dp/hard/crti.o
                0x000000000800f830                _init
 .init          0x000000000800f834        0x8 C:/ST/STM32CubeIDE_1.13.1/STM32CubeIDE/plugins/com.st.stm32cube.ide.mcu.externaltools.gnu-tools-for-stm32.11.3.rel1.win32_1.1.0.202305231506/tools/bin/../lib/gcc/arm-none-eabi/11.3.1/thumb/v7e-m+dp/hard/crtn.o
 *(.fini)
 .fini          0x000000000800f83c        0x4 C:/ST/STM32CubeIDE_1.13.1/STM32CubeIDE/plugins/com.st.stm32cube.ide.mcu.externaltools.gnu-tools-for-stm32.11.3.rel1.win32_1.1.0.202305231506/tools/bin/../lib/gcc/arm-none-eabi/11.3.1/thumb/v7e-m+dp/hard/crti.o
                0x000000000800f83c                _fini
 .fini          0x000000000800f840        0x8 C:/ST/STM32CubeIDE_1.13.1/STM32CubeIDE/plugins/com.st.stm32cube.ide.mcu.externaltools.gnu-tools-for-stm32.11.3.rel1.win32_1.1.0.202305231506/tools/bin/../lib/gcc/arm-none-eabi/11.3.1/thumb/v7e-m+dp/hard/crtn.o
                0x000000000800f848                . = ALIGN (0x4)
                0x000000000800f848                _etext = .

.vfp11_veneer   0x000000000800f848        0x0
 .vfp11_veneer  0x000000000800f848        0x0 linker stubs

.v4_bx          0x000000000800f848        0x0
 .v4_bx         0x000000000800f848        0x0 linker stubs

.iplt           0x000000000800f848        0x0
 .iplt          0x000000000800f848        0x0 C:/ST/STM32CubeIDE_1.13.1/STM32CubeIDE/plugins/com.st.stm32cube.ide.mcu.externaltools.gnu-tools-for-stm32.11.3.rel1.win32_1.1.0.202305231506/tools/bin/../lib/gcc/arm-none-eabi/11.3.1/thumb/v7e-m+dp/hard/crtbegin.o

.rodata         0x000000000800f848      0x3b4
                0x000000000800f848                . = ALIGN (0x4)
 *(.rodata)
 .rodata        0x000000000800f848       0x1c ./Core/Src/main.o
 *(.rodata*)
 .rodata.relay_map
                0x000000000800f864       0x60 ./Core/Src/main.o
                0x000000000800f864                relay_map
 .rodata.v33_dig_out_map
                0x000000000800f8c4       0x60 ./Core/Src/main.o
                0x000000000800f8c4                v33_dig_out_map
 .rodata.v33_diff_out_map
                0x000000000800f924       0x20 ./Core/Src/main.o
                0x000000000800f924                v33_diff_out_map
 .rodata.v24_source_out_map
                0x000000000800f944       0x40 ./Core/Src/main.o
                0x000000000800f944                v24_source_out_map
 .rodata.v24_sink_out_map
                0x000000000800f984       0x40 ./Core/Src/main.o
                0x000000000800f984                v24_sink_out_map
 .rodata.auchCRCHi
                0x000000000800f9c4      0x100 ./Core/Src/main.o
                0x000000000800f9c4                auchCRCHi
 .rodata.auchCRCLo
                0x000000000800fac4      0x100 ./Core/Src/main.o
                0x000000000800fac4                auchCRCLo
 .rodata.D1CorePrescTable
                0x000000000800fbc4       0x10 ./Core/Src/system_stm32h7xx.o
                0x000000000800fbc4                D1CorePrescTable
 .rodata.UARTPrescTable
                0x000000000800fbd4       0x18 ./Drivers/STM32H7xx_HAL_Driver/Src/stm32h7xx_hal_uart.o
                0x000000000800fbd4                UARTPrescTable
 .rodata.numerator.1
                0x000000000800fbec        0x8 ./Drivers/STM32H7xx_HAL_Driver/Src/stm32h7xx_hal_uart_ex.o
 .rodata.denominator.0
                0x000000000800fbf4        0x8 ./Drivers/STM32H7xx_HAL_Driver/Src/stm32h7xx_hal_uart_ex.o
                0x000000000800fbfc                . = ALIGN (0x4)

.ARM.extab
 *(.ARM.extab* .gnu.linkonce.armextab.*)

.ARM            0x000000000800fbfc        0x8
                0x000000000800fbfc                __exidx_start = .
 *(.ARM.exidx*)
 .ARM.exidx     0x000000000800fbfc        0x8 C:/ST/STM32CubeIDE_1.13.1/STM32CubeIDE/plugins/com.st.stm32cube.ide.mcu.externaltools.gnu-tools-for-stm32.11.3.rel1.win32_1.1.0.202305231506/tools/bin/../lib/gcc/arm-none-eabi/11.3.1/thumb/v7e-m+dp/hard\libgcc.a(_udivmoddi4.o)
                0x000000000800fc04                __exidx_end = .

.rel.dyn        0x000000000800fc04        0x0
 .rel.iplt      0x000000000800fc04        0x0 C:/ST/STM32CubeIDE_1.13.1/STM32CubeIDE/plugins/com.st.stm32cube.ide.mcu.externaltools.gnu-tools-for-stm32.11.3.rel1.win32_1.1.0.202305231506/tools/bin/../lib/gcc/arm-none-eabi/11.3.1/thumb/v7e-m+dp/hard/crtbegin.o

.preinit_array  0x000000000800fc04        0x0
                0x000000000800fc04                PROVIDE (__preinit_array_start = .)
 *(.preinit_array*)
                0x000000000800fc04                PROVIDE (__preinit_array_end = .)

.init_array     0x000000000800fc04        0x4
                0x000000000800fc04                PROVIDE (__init_array_start = .)
 *(SORT_BY_NAME(.init_array.*))
 *(.init_array*)
 .init_array    0x000000000800fc04        0x4 C:/ST/STM32CubeIDE_1.13.1/STM32CubeIDE/plugins/com.st.stm32cube.ide.mcu.externaltools.gnu-tools-for-stm32.11.3.rel1.win32_1.1.0.202305231506/tools/bin/../lib/gcc/arm-none-eabi/11.3.1/thumb/v7e-m+dp/hard/crtbegin.o
                0x000000000800fc08                PROVIDE (__init_array_end = .)

.fini_array     0x000000000800fc08        0x4
                [!provide]                        PROVIDE (__fini_array_start = .)
 *(SORT_BY_NAME(.fini_array.*))
 *(.fini_array*)
 .fini_array    0x000000000800fc08        0x4 C:/ST/STM32CubeIDE_1.13.1/STM32CubeIDE/plugins/com.st.stm32cube.ide.mcu.externaltools.gnu-tools-for-stm32.11.3.rel1.win32_1.1.0.202305231506/tools/bin/../lib/gcc/arm-none-eabi/11.3.1/thumb/v7e-m+dp/hard/crtbegin.o
                [!provide]                        PROVIDE (__fini_array_end = .)
                0x000000000800fc0c                _sidata = LOADADDR (.data)

.data           0x0000000024000000      0x444 load address 0x000000000800fc0c
                0x0000000024000000                . = ALIGN (0x4)
                0x0000000024000000                _sdata = .
 *(.data)
 *(.data*)
 .data.scale_factor_150V
                0x0000000024000000        0x4 ./Core/Src/main.o
                0x0000000024000000                scale_factor_150V
 .data.scale_factor_24V
                0x0000000024000004        0x4 ./Core/Src/main.o
                0x0000000024000004                scale_factor_24V
 .data.scale_factor_5V
                0x0000000024000008        0x4 ./Core/Src/main.o
                0x0000000024000008                scale_factor_5V
 .data.scale_factor_3V3
                0x000000002400000c        0x4 ./Core/Src/main.o
                0x000000002400000c                scale_factor_3V3
 .data.tdab_sw_ver
                0x0000000024000010        0x2 ./Core/Src/main.o
                0x0000000024000010                tdab_sw_ver
 .data.tdab_hw_ver
                0x0000000024000012        0x2 ./Core/Src/main.o
                0x0000000024000012                tdab_hw_ver
 .data.spiUltiTx
                0x0000000024000014        0x5 ./Core/Src/main.o
                0x0000000024000014                spiUltiTx
 *fill*         0x0000000024000019        0x1 
 .data.vin_020  0x000000002400001a        0x2 ./Core/Src/main.o
                0x000000002400001a                vin_020
 .data.vin_060  0x000000002400001c        0x2 ./Core/Src/main.o
                0x000000002400001c                vin_060
 *fill*         0x000000002400001e        0x2 
 .data.mod_reg_map
                0x0000000024000020      0x414 ./Core/Src/main.o
                0x0000000024000020                mod_reg_map
 .data.SystemCoreClock
                0x0000000024000434        0x4 ./Core/Src/system_stm32h7xx.o
                0x0000000024000434                SystemCoreClock
 .data.SystemD2Clock
                0x0000000024000438        0x4 ./Core/Src/system_stm32h7xx.o
                0x0000000024000438                SystemD2Clock
 .data.uwTickPrio
                0x000000002400043c        0x4 ./Drivers/STM32H7xx_HAL_Driver/Src/stm32h7xx_hal.o
                0x000000002400043c                uwTickPrio
 .data.uwTickFreq
                0x0000000024000440        0x1 ./Drivers/STM32H7xx_HAL_Driver/Src/stm32h7xx_hal.o
                0x0000000024000440                uwTickFreq
 *(.RamFunc)
 *(.RamFunc*)
                0x0000000024000444                . = ALIGN (0x4)
 *fill*         0x0000000024000441        0x3 
                0x0000000024000444                _edata = .

.igot.plt       0x0000000024000444        0x0 load address 0x0000000008010050
 .igot.plt      0x0000000024000444        0x0 C:/ST/STM32CubeIDE_1.13.1/STM32CubeIDE/plugins/com.st.stm32cube.ide.mcu.externaltools.gnu-tools-for-stm32.11.3.rel1.win32_1.1.0.202305231506/tools/bin/../lib/gcc/arm-none-eabi/11.3.1/thumb/v7e-m+dp/hard/crtbegin.o
                0x0000000024000444                . = ALIGN (0x4)

.bss            0x0000000024000448     0x2f58 load address 0x0000000008010050
                0x0000000024000448                _sbss = .
                0x0000000024000448                __bss_start__ = _sbss
 *(.bss)
 .bss           0x0000000024000448       0x1c C:/ST/STM32CubeIDE_1.13.1/STM32CubeIDE/plugins/com.st.stm32cube.ide.mcu.externaltools.gnu-tools-for-stm32.11.3.rel1.win32_1.1.0.202305231506/tools/bin/../lib/gcc/arm-none-eabi/11.3.1/thumb/v7e-m+dp/hard/crtbegin.o
 *(.bss*)
 .bss.hadc1     0x0000000024000464       0x64 ./Core/Src/main.o
                0x0000000024000464                hadc1
 .bss.hadc3     0x00000000240004c8       0x64 ./Core/Src/main.o
                0x00000000240004c8                hadc3
 .bss.hspi2     0x000000002400052c       0x88 ./Core/Src/main.o
                0x000000002400052c                hspi2
 .bss.hspi3     0x00000000240005b4       0x88 ./Core/Src/main.o
                0x00000000240005b4                hspi3
 .bss.hspi4     0x000000002400063c       0x88 ./Core/Src/main.o
                0x000000002400063c                hspi4
 .bss.htim6     0x00000000240006c4       0x4c ./Core/Src/main.o
                0x00000000240006c4                htim6
 .bss.htim7     0x0000000024000710       0x4c ./Core/Src/main.o
                0x0000000024000710                htim7
 .bss.huart1    0x000000002400075c       0x94 ./Core/Src/main.o
                0x000000002400075c                huart1
 .bss.huart2    0x00000000240007f0       0x94 ./Core/Src/main.o
                0x00000000240007f0                huart2
 .bss.adc_buff  0x0000000024000884       0x80 ./Core/Src/main.o
                0x0000000024000884                adc_buff
 .bss.raw_adc_buff
                0x0000000024000904       0x80 ./Core/Src/main.o
                0x0000000024000904                raw_adc_buff
 .bss.temp_adc_buff
                0x0000000024000984       0x80 ./Core/Src/main.o
                0x0000000024000984                temp_adc_buff
 .bss.calculate_adc_voltage
                0x0000000024000a04        0x2 ./Core/Src/main.o
                0x0000000024000a04                calculate_adc_voltage
 *fill*         0x0000000024000a06        0x2 
 .bss.adc_data  0x0000000024000a08       0x40 ./Core/Src/main.o
                0x0000000024000a08                adc_data
 .bss.uut_ana   0x0000000024000a48       0x18 ./Core/Src/main.o
                0x0000000024000a48                uut_ana
 .bss.uut_dig_in
                0x0000000024000a60        0x2 ./Core/Src/main.o
                0x0000000024000a60                uut_dig_in
 .bss.uut_eeprom_status
                0x0000000024000a62        0x2 ./Core/Src/main.o
                0x0000000024000a62                uut_eeprom_status
 .bss.test_num  0x0000000024000a64        0x2 ./Core/Src/main.o
                0x0000000024000a64                test_num
 *fill*         0x0000000024000a66        0x2 
 .bss.Analog_output
                0x0000000024000a68        0x6 ./Core/Src/main.o
                0x0000000024000a68                Analog_output
 .bss.uut_ack   0x0000000024000a6e        0x1 ./Core/Src/main.o
                0x0000000024000a6e                uut_ack
 .bss.junk_byte
                0x0000000024000a6f        0x1 ./Core/Src/main.o
                0x0000000024000a6f                junk_byte
 .bss.start_capture
                0x0000000024000a70        0x1 ./Core/Src/main.o
                0x0000000024000a70                start_capture
 *fill*         0x0000000024000a71        0x1 
 .bss.Supply_Current
                0x0000000024000a72        0x2 ./Core/Src/main.o
                0x0000000024000a72                Supply_Current
 .bss.HV1_channel_voltage
                0x0000000024000a74        0x2 ./Core/Src/main.o
                0x0000000024000a74                HV1_channel_voltage
 .bss.HV1_channel_adc_counts
                0x0000000024000a76        0x2 ./Core/Src/main.o
                0x0000000024000a76                HV1_channel_adc_counts
 .bss.HV1_channel_voltage_capture
                0x0000000024000a78      0x7d0 ./Core/Src/main.o
                0x0000000024000a78                HV1_channel_voltage_capture
 .bss.pc_data_in
                0x0000000024001248        0x4 ./Core/Src/main.o
                0x0000000024001248                pc_data_in
 .bss.pc_data_out
                0x000000002400124c        0x4 ./Core/Src/main.o
                0x000000002400124c                pc_data_out
 .bss.rx_data_in
                0x0000000024001250        0x4 ./Core/Src/main.o
                0x0000000024001250                rx_data_in
 .bss.rx_data_out
                0x0000000024001254        0x4 ./Core/Src/main.o
                0x0000000024001254                rx_data_out
 .bss.pc_data   0x0000000024001258        0x1 ./Core/Src/main.o
                0x0000000024001258                pc_data
 .bss.rx_data   0x0000000024001259        0x1 ./Core/Src/main.o
                0x0000000024001259                rx_data
 .bss.UART_Pc_byte_count
                0x000000002400125a        0x1 ./Core/Src/main.o
                0x000000002400125a                UART_Pc_byte_count
 .bss.UART_Rx_byte_count
                0x000000002400125b        0x1 ./Core/Src/main.o
                0x000000002400125b                UART_Rx_byte_count
 .bss.PC_RxBuff
                0x000000002400125c       0x28 ./Core/Src/main.o
                0x000000002400125c                PC_RxBuff
 .bss.PC_TxBuff
                0x0000000024001284       0x28 ./Core/Src/main.o
                0x0000000024001284                PC_TxBuff
 .bss.UART_TxBuff
                0x00000000240012ac       0x28 ./Core/Src/main.o
                0x00000000240012ac                UART_TxBuff
 .bss.UART_RxBuff
                0x00000000240012d4       0x28 ./Core/Src/main.o
                0x00000000240012d4                UART_RxBuff
 .bss.spi_data  0x00000000240012fc        0x4 ./Core/Src/main.o
                0x00000000240012fc                spi_data
 .bss.ticks     0x0000000024001300        0x2 ./Core/Src/main.o
                0x0000000024001300                ticks
 .bss.timer_tick
                0x0000000024001302        0x2 ./Core/Src/main.o
                0x0000000024001302                timer_tick
 .bss.uut_timer_tick
                0x0000000024001304        0x2 ./Core/Src/main.o
                0x0000000024001304                uut_timer_tick
 .bss.start_timer
                0x0000000024001306        0x1 ./Core/Src/main.o
                0x0000000024001306                start_timer
 .bss.uut_timer
                0x0000000024001307        0x1 ./Core/Src/main.o
                0x0000000024001307                uut_timer
 .bss.send_uut_command
                0x0000000024001308        0x1 ./Core/Src/main.o
                0x0000000024001308                send_uut_command
 *fill*         0x0000000024001309        0x3 
 .bss.dig_inputs
                0x000000002400130c        0x8 ./Core/Src/main.o
                0x000000002400130c                dig_inputs
 .bss.Digital_Input
                0x0000000024001314        0x2 ./Core/Src/main.o
                0x0000000024001314                Digital_Input
 *fill*         0x0000000024001316        0x2 
 .bss.v33_inputs
                0x0000000024001318        0x8 ./Core/Src/main.o
                0x0000000024001318                v33_inputs
 .bss.V33_Input
                0x0000000024001320        0x2 ./Core/Src/main.o
                0x0000000024001320                V33_Input
 .bss.V33_Output
                0x0000000024001322        0x2 ./Core/Src/main.o
                0x0000000024001322                V33_Output
 .bss.V33_Diff_Output
                0x0000000024001324        0x2 ./Core/Src/main.o
                0x0000000024001324                V33_Diff_Output
 .bss.Relay_Output
                0x0000000024001326        0x2 ./Core/Src/main.o
                0x0000000024001326                Relay_Output
 .bss.V24_Source_Output
                0x0000000024001328        0x2 ./Core/Src/main.o
                0x0000000024001328                V24_Source_Output
 .bss.V24_Sinking_Output
                0x000000002400132a        0x2 ./Core/Src/main.o
                0x000000002400132a                V24_Sinking_Output
 .bss.UUT_Power
                0x000000002400132c        0x2 ./Core/Src/main.o
                0x000000002400132c                UUT_Power
 *fill*         0x000000002400132e        0x2 
 .bss.sw_inputs
                0x0000000024001330        0x2 ./Core/Src/main.o
                0x0000000024001330                sw_inputs
 *fill*         0x0000000024001332        0x2 
 .bss.ac_inputs
                0x0000000024001334        0x5 ./Core/Src/main.o
                0x0000000024001334                ac_inputs
 *fill*         0x0000000024001339        0x3 
 .bss.acinputs  0x000000002400133c        0x5 ./Core/Src/main.o
                0x000000002400133c                acinputs
 *fill*         0x0000000024001341        0x1 
 .bss.AC_Input  0x0000000024001342        0x2 ./Core/Src/main.o
                0x0000000024001342                AC_Input
 .bss.pulse_counter
                0x0000000024001344        0xa ./Core/Src/main.o
                0x0000000024001344                pulse_counter
 .bss.pulse_acc
                0x000000002400134e        0x2 ./Core/Src/main.o
                0x000000002400134e                pulse_acc
 .bss.pulse_counter_reset
                0x0000000024001350        0x2 ./Core/Src/main.o
                0x0000000024001350                pulse_counter_reset
 .bss.pulse_frequency
                0x0000000024001352        0x2 ./Core/Src/main.o
                0x0000000024001352                pulse_frequency
 .bss.timer7_count
                0x0000000024001354        0x4 ./Core/Src/main.o
                0x0000000024001354                timer7_count
 .bss.HV_input_state
                0x0000000024001358        0x2 ./Core/Src/main.o
                0x0000000024001358                HV_input_state
 .bss.HV_input_prev_state
                0x000000002400135a        0x2 ./Core/Src/main.o
                0x000000002400135a                HV_input_prev_state
 .bss.start_time
                0x000000002400135c        0x2 ./Core/Src/main.o
                0x000000002400135c                start_time
 *fill*         0x000000002400135e        0x2 
 .bss.timetaken
                0x0000000024001360        0x8 ./Core/Src/main.o
                0x0000000024001360                timetaken
 .bss.start_falltime_counter
                0x0000000024001368        0x2 ./Core/Src/main.o
                0x0000000024001368                start_falltime_counter
 .bss.falltime_counter
                0x000000002400136a        0x2 ./Core/Src/main.o
                0x000000002400136a                falltime_counter
 .bss.start_risetime_counter
                0x000000002400136c        0x2 ./Core/Src/main.o
                0x000000002400136c                start_risetime_counter
 .bss.risetime_counter
                0x000000002400136e        0x2 ./Core/Src/main.o
                0x000000002400136e                risetime_counter
 .bss.fall_time
                0x0000000024001370        0x2 ./Core/Src/main.o
                0x0000000024001370                fall_time
 .bss.rise_time
                0x0000000024001372        0x2 ./Core/Src/main.o
                0x0000000024001372                rise_time
 .bss.Measure_fall_time
                0x0000000024001374        0x2 ./Core/Src/main.o
                0x0000000024001374                Measure_fall_time
 .bss.Measure_rise_time
                0x0000000024001376        0x2 ./Core/Src/main.o
                0x0000000024001376                Measure_rise_time
 .bss.HV1_sample
                0x0000000024001378        0x2 ./Core/Src/main.o
                0x0000000024001378                HV1_sample
 *fill*         0x000000002400137a        0x2 
 .bss.HV1_readings
                0x000000002400137c     0x1f40 ./Core/Src/main.o
                0x000000002400137c                HV1_readings
 .bss.HV1_acc   0x00000000240032bc        0x4 ./Core/Src/main.o
                0x00000000240032bc                HV1_acc
 .bss.temp_HV1_voltage
                0x00000000240032c0        0x8 ./Core/Src/main.o
                0x00000000240032c0                temp_HV1_voltage
 .bss.adcbuff_14
                0x00000000240032c8        0x4 ./Core/Src/main.o
                0x00000000240032c8                adcbuff_14
 .bss.voltage_capture_count
                0x00000000240032cc        0x2 ./Core/Src/main.o
                0x00000000240032cc                voltage_capture_count
 .bss.adc_data14_prev
                0x00000000240032ce        0x2 ./Core/Src/main.o
                0x00000000240032ce                adc_data14_prev
 .bss.adc_data14_curr
                0x00000000240032d0        0x2 ./Core/Src/main.o
                0x00000000240032d0                adc_data14_curr
 .bss.uut_sw_ver
                0x00000000240032d2        0x2 ./Core/Src/main.o
                0x00000000240032d2                uut_sw_ver
 .bss.uut_hw_ver
                0x00000000240032d4        0x2 ./Core/Src/main.o
                0x00000000240032d4                uut_hw_ver
 .bss.clear_data
                0x00000000240032d6        0x2 ./Core/Src/main.o
                0x00000000240032d6                clear_data
 .bss.spiTxData
                0x00000000240032d8        0x2 ./Core/Src/main.o
                0x00000000240032d8                spiTxData
 *fill*         0x00000000240032da        0x2 
 .bss.spiRxData
                0x00000000240032dc        0x5 ./Core/Src/main.o
                0x00000000240032dc                spiRxData
 *fill*         0x00000000240032e1        0x3 
 .bss.spiUltiRx
                0x00000000240032e4        0x5 ./Core/Src/main.o
                0x00000000240032e4                spiUltiRx
 *fill*         0x00000000240032e9        0x1 
 .bss.pulse_count
                0x00000000240032ea        0x2 ./Core/Src/main.o
                0x00000000240032ea                pulse_count
 .bss.PCP_pulse_count_read
                0x00000000240032ec        0x2 ./Core/Src/main.o
                0x00000000240032ec                PCP_pulse_count_read
 .bss.read_U13counts
                0x00000000240032ee        0x2 ./Core/Src/main.o
                0x00000000240032ee                read_U13counts
 .bss.read_U15counts
                0x00000000240032f0        0x2 ./Core/Src/main.o
                0x00000000240032f0                read_U15counts
 .bss.U13counts
                0x00000000240032f2        0x2 ./Core/Src/main.o
                0x00000000240032f2                U13counts
 .bss.U15counts
                0x00000000240032f4        0x2 ./Core/Src/main.o
                0x00000000240032f4                U15counts
 .bss.pico_sw_version
                0x00000000240032f6        0x2 ./Core/Src/main.o
                0x00000000240032f6                pico_sw_version
 .bss.pico_hw_version
                0x00000000240032f8        0x2 ./Core/Src/main.o
                0x00000000240032f8                pico_hw_version
 .bss.green_led_flag
                0x00000000240032fa        0x2 ./Core/Src/main.o
                0x00000000240032fa                green_led_flag
 .bss.red_led_flag
                0x00000000240032fc        0x2 ./Core/Src/main.o
                0x00000000240032fc                red_led_flag
 .bss.stack_rtd_offset
                0x00000000240032fe        0x2 ./Core/Src/main.o
                0x00000000240032fe                stack_rtd_offset
 .bss.stack_rtd_counts
                0x0000000024003300        0x2 ./Core/Src/main.o
                0x0000000024003300                stack_rtd_counts
 .bss.stack_rtd_30_deg
                0x0000000024003302        0x2 ./Core/Src/main.o
                0x0000000024003302                stack_rtd_30_deg
 .bss.stack_rtd_80_deg
                0x0000000024003304        0x2 ./Core/Src/main.o
                0x0000000024003304                stack_rtd_80_deg
 .bss.stack_rtd_scale_factor
                0x0000000024003306        0x2 ./Core/Src/main.o
                0x0000000024003306                stack_rtd_scale_factor
 .bss.heater_rtd_offset
                0x0000000024003308        0x2 ./Core/Src/main.o
                0x0000000024003308                heater_rtd_offset
 .bss.heater_rtd_counts
                0x000000002400330a        0x2 ./Core/Src/main.o
                0x000000002400330a                heater_rtd_counts
 .bss.heater_rtd_scale_factor
                0x000000002400330c        0x2 ./Core/Src/main.o
                0x000000002400330c                heater_rtd_scale_factor
 .bss.heater_rtd_high
                0x000000002400330e        0x2 ./Core/Src/main.o
                0x000000002400330e                heater_rtd_high
 .bss.heater_rtd_low
                0x0000000024003310        0x2 ./Core/Src/main.o
                0x0000000024003310                heater_rtd_low
 .bss.hall_counts
                0x0000000024003312        0x2 ./Core/Src/main.o
                0x0000000024003312                hall_counts
 .bss.hall_vin_020
                0x0000000024003314        0x2 ./Core/Src/main.o
                0x0000000024003314                hall_vin_020
 .bss.hall_vin_060
                0x0000000024003316        0x2 ./Core/Src/main.o
                0x0000000024003316                hall_vin_060
 .bss.hall_offset
                0x0000000024003318        0x2 ./Core/Src/main.o
                0x0000000024003318                hall_offset
 .bss.hall_gain
                0x000000002400331a        0x2 ./Core/Src/main.o
                0x000000002400331a                hall_gain
 .bss.heater_flag
                0x000000002400331c        0x2 ./Core/Src/main.o
                0x000000002400331c                heater_flag
 .bss.pico_board_supply_amps
                0x000000002400331e        0x2 ./Core/Src/main.o
                0x000000002400331e                pico_board_supply_amps
 .bss.pico_board_supply_power
                0x0000000024003320        0x2 ./Core/Src/main.o
                0x0000000024003320                pico_board_supply_power
 .bss.calib_coeff1_high
                0x0000000024003322        0x2 ./Core/Src/main.o
                0x0000000024003322                calib_coeff1_high
 .bss.calib_coeff1_low
                0x0000000024003324        0x2 ./Core/Src/main.o
                0x0000000024003324                calib_coeff1_low
 .bss.calib_coeff2_high
                0x0000000024003326        0x2 ./Core/Src/main.o
                0x0000000024003326                calib_coeff2_high
 .bss.calib_coeff2_low
                0x0000000024003328        0x2 ./Core/Src/main.o
                0x0000000024003328                calib_coeff2_low
 .bss.calib_coeff3_high
                0x000000002400332a        0x2 ./Core/Src/main.o
                0x000000002400332a                calib_coeff3_high
 .bss.calib_coeff3_low
                0x000000002400332c        0x2 ./Core/Src/main.o
                0x000000002400332c                calib_coeff3_low
 .bss.calibration_status
                0x000000002400332e        0x2 ./Core/Src/main.o
                0x000000002400332e                calibration_status
 .bss.pc_protocol_state
                0x0000000024003330        0x1 ./Core/Src/main.o
                0x0000000024003330                pc_protocol_state
 .bss.uut_protocol_state
                0x0000000024003331        0x1 ./Core/Src/main.o
                0x0000000024003331                uut_protocol_state
 *fill*         0x0000000024003332        0x2 
 .bss.record    0x0000000024003334       0x5c ./Core/Src/main.o
                0x0000000024003334                record
 .bss.cal_crc.5
                0x0000000024003390        0x2 ./Core/Src/main.o
 .bss.num_bytes.4
                0x0000000024003392        0x1 ./Core/Src/main.o
 *fill*         0x0000000024003393        0x1 
 .bss.crc_count.3
                0x0000000024003394        0x2 ./Core/Src/main.o
 .bss.i.2       0x0000000024003396        0x2 ./Core/Src/main.o
 .bss.avg_counts.1
                0x0000000024003398        0x2 ./Core/Src/main.o
 .bss.i.0       0x000000002400339a        0x2 ./Core/Src/main.o
 .bss.uwTick    0x000000002400339c        0x4 ./Drivers/STM32H7xx_HAL_Driver/Src/stm32h7xx_hal.o
                0x000000002400339c                uwTick
 *(COMMON)
                0x00000000240033a0                . = ALIGN (0x4)
                0x00000000240033a0                _ebss = .
                0x00000000240033a0                __bss_end__ = _ebss

._user_heap_stack
                0x00000000240033a0      0x600 load address 0x0000000008010050
                0x00000000240033a0                . = ALIGN (0x8)
                [!provide]                        PROVIDE (end = .)
                0x00000000240033a0                PROVIDE (_end = .)
                0x00000000240035a0                . = (. + _Min_Heap_Size)
 *fill*         0x00000000240033a0      0x200 
                0x00000000240039a0                . = (. + _Min_Stack_Size)
 *fill*         0x00000000240035a0      0x400 
                0x00000000240039a0                . = ALIGN (0x8)

/DISCARD/
 libc.a(*)
 libm.a(*)
 libgcc.a(*)

.ARM.attributes
                0x0000000000000000       0x2e
 *(.ARM.attributes)
 .ARM.attributes
                0x0000000000000000       0x1e C:/ST/STM32CubeIDE_1.13.1/STM32CubeIDE/plugins/com.st.stm32cube.ide.mcu.externaltools.gnu-tools-for-stm32.11.3.rel1.win32_1.1.0.202305231506/tools/bin/../lib/gcc/arm-none-eabi/11.3.1/thumb/v7e-m+dp/hard/crti.o
 .ARM.attributes
                0x000000000000001e       0x32 C:/ST/STM32CubeIDE_1.13.1/STM32CubeIDE/plugins/com.st.stm32cube.ide.mcu.externaltools.gnu-tools-for-stm32.11.3.rel1.win32_1.1.0.202305231506/tools/bin/../lib/gcc/arm-none-eabi/11.3.1/thumb/v7e-m+dp/hard/crtbegin.o
 .ARM.attributes
                0x0000000000000050       0x32 ./Core/Src/main.o
 .ARM.attributes
                0x0000000000000082       0x32 ./Core/Src/stm32h7xx_hal_msp.o
 .ARM.attributes
                0x00000000000000b4       0x32 ./Core/Src/stm32h7xx_it.o
 .ARM.attributes
                0x00000000000000e6       0x32 ./Core/Src/system_stm32h7xx.o
 .ARM.attributes
                0x0000000000000118       0x21 ./Core/Startup/startup_stm32h743zitx.o
 .ARM.attributes
                0x0000000000000139       0x32 ./Drivers/STM32H7xx_HAL_Driver/Src/stm32h7xx_hal.o
 .ARM.attributes
                0x000000000000016b       0x32 ./Drivers/STM32H7xx_HAL_Driver/Src/stm32h7xx_hal_adc.o
 .ARM.attributes
                0x000000000000019d       0x32 ./Drivers/STM32H7xx_HAL_Driver/Src/stm32h7xx_hal_adc_ex.o
 .ARM.attributes
                0x00000000000001cf       0x32 ./Drivers/STM32H7xx_HAL_Driver/Src/stm32h7xx_hal_cortex.o
 .ARM.attributes
                0x0000000000000201       0x32 ./Drivers/STM32H7xx_HAL_Driver/Src/stm32h7xx_hal_dma.o
 .ARM.attributes
                0x0000000000000233       0x32 ./Drivers/STM32H7xx_HAL_Driver/Src/stm32h7xx_hal_gpio.o
 .ARM.attributes
                0x0000000000000265       0x32 ./Drivers/STM32H7xx_HAL_Driver/Src/stm32h7xx_hal_pwr_ex.o
 .ARM.attributes
                0x0000000000000297       0x32 ./Drivers/STM32H7xx_HAL_Driver/Src/stm32h7xx_hal_rcc.o
 .ARM.attributes
                0x00000000000002c9       0x32 ./Drivers/STM32H7xx_HAL_Driver/Src/stm32h7xx_hal_rcc_ex.o
 .ARM.attributes
                0x00000000000002fb       0x32 ./Drivers/STM32H7xx_HAL_Driver/Src/stm32h7xx_hal_spi.o
 .ARM.attributes
                0x000000000000032d       0x32 ./Drivers/STM32H7xx_HAL_Driver/Src/stm32h7xx_hal_tim.o
 .ARM.attributes
                0x000000000000035f       0x32 ./Drivers/STM32H7xx_HAL_Driver/Src/stm32h7xx_hal_tim_ex.o
 .ARM.attributes
                0x0000000000000391       0x32 ./Drivers/STM32H7xx_HAL_Driver/Src/stm32h7xx_hal_uart.o
 .ARM.attributes
                0x00000000000003c3       0x32 ./Drivers/STM32H7xx_HAL_Driver/Src/stm32h7xx_hal_uart_ex.o
 .ARM.attributes
                0x00000000000003f5       0x32 C:/ST/STM32CubeIDE_1.13.1/STM32CubeIDE/plugins/com.st.stm32cube.ide.mcu.externaltools.gnu-tools-for-stm32.11.3.rel1.win32_1.1.0.202305231506/tools/bin/../lib/gcc/arm-none-eabi/11.3.1/../../../../arm-none-eabi/lib/thumb/v7e-m+dp/hard\libc_nano.a(libc_a-memset.o)
 .ARM.attributes
                0x0000000000000427       0x32 C:/ST/STM32CubeIDE_1.13.1/STM32CubeIDE/plugins/com.st.stm32cube.ide.mcu.externaltools.gnu-tools-for-stm32.11.3.rel1.win32_1.1.0.202305231506/tools/bin/../lib/gcc/arm-none-eabi/11.3.1/../../../../arm-none-eabi/lib/thumb/v7e-m+dp/hard\libc_nano.a(libc_a-init.o)
 .ARM.attributes
                0x0000000000000459       0x1e C:/ST/STM32CubeIDE_1.13.1/STM32CubeIDE/plugins/com.st.stm32cube.ide.mcu.externaltools.gnu-tools-for-stm32.11.3.rel1.win32_1.1.0.202305231506/tools/bin/../lib/gcc/arm-none-eabi/11.3.1/thumb/v7e-m+dp/hard\libgcc.a(_aeabi_uldivmod.o)
 .ARM.attributes
                0x0000000000000477       0x32 C:/ST/STM32CubeIDE_1.13.1/STM32CubeIDE/plugins/com.st.stm32cube.ide.mcu.externaltools.gnu-tools-for-stm32.11.3.rel1.win32_1.1.0.202305231506/tools/bin/../lib/gcc/arm-none-eabi/11.3.1/thumb/v7e-m+dp/hard\libgcc.a(_udivmoddi4.o)
 .ARM.attributes
                0x00000000000004a9       0x1e C:/ST/STM32CubeIDE_1.13.1/STM32CubeIDE/plugins/com.st.stm32cube.ide.mcu.externaltools.gnu-tools-for-stm32.11.3.rel1.win32_1.1.0.202305231506/tools/bin/../lib/gcc/arm-none-eabi/11.3.1/thumb/v7e-m+dp/hard\libgcc.a(_dvmd_tls.o)
 .ARM.attributes
                0x00000000000004c7       0x1e C:/ST/STM32CubeIDE_1.13.1/STM32CubeIDE/plugins/com.st.stm32cube.ide.mcu.externaltools.gnu-tools-for-stm32.11.3.rel1.win32_1.1.0.202305231506/tools/bin/../lib/gcc/arm-none-eabi/11.3.1/thumb/v7e-m+dp/hard/crtn.o
OUTPUT(TDAB3.elf elf32-littlearm)
LOAD linker stubs
LOAD C:/ST/STM32CubeIDE_1.13.1/STM32CubeIDE/plugins/com.st.stm32cube.ide.mcu.externaltools.gnu-tools-for-stm32.11.3.rel1.win32_1.1.0.202305231506/tools/bin/../lib/gcc/arm-none-eabi/11.3.1/../../../../arm-none-eabi/lib/thumb/v7e-m+dp/hard\libc.a
LOAD C:/ST/STM32CubeIDE_1.13.1/STM32CubeIDE/plugins/com.st.stm32cube.ide.mcu.externaltools.gnu-tools-for-stm32.11.3.rel1.win32_1.1.0.202305231506/tools/bin/../lib/gcc/arm-none-eabi/11.3.1/../../../../arm-none-eabi/lib/thumb/v7e-m+dp/hard\libm.a
LOAD C:/ST/STM32CubeIDE_1.13.1/STM32CubeIDE/plugins/com.st.stm32cube.ide.mcu.externaltools.gnu-tools-for-stm32.11.3.rel1.win32_1.1.0.202305231506/tools/bin/../lib/gcc/arm-none-eabi/11.3.1/thumb/v7e-m+dp/hard\libgcc.a

.comment        0x0000000000000000       0x43
 .comment       0x0000000000000000       0x43 C:/ST/STM32CubeIDE_1.13.1/STM32CubeIDE/plugins/com.st.stm32cube.ide.mcu.externaltools.gnu-tools-for-stm32.11.3.rel1.win32_1.1.0.202305231506/tools/bin/../lib/gcc/arm-none-eabi/11.3.1/thumb/v7e-m+dp/hard/crtbegin.o
                                         0x44 (size before relaxing)
 .comment       0x0000000000000043       0x44 ./Core/Src/main.o
 .comment       0x0000000000000043       0x44 ./Core/Src/stm32h7xx_hal_msp.o
 .comment       0x0000000000000043       0x44 ./Core/Src/stm32h7xx_it.o
 .comment       0x0000000000000043       0x44 ./Core/Src/system_stm32h7xx.o
 .comment       0x0000000000000043       0x44 ./Drivers/STM32H7xx_HAL_Driver/Src/stm32h7xx_hal.o
 .comment       0x0000000000000043       0x44 ./Drivers/STM32H7xx_HAL_Driver/Src/stm32h7xx_hal_adc.o
 .comment       0x0000000000000043       0x44 ./Drivers/STM32H7xx_HAL_Driver/Src/stm32h7xx_hal_adc_ex.o
 .comment       0x0000000000000043       0x44 ./Drivers/STM32H7xx_HAL_Driver/Src/stm32h7xx_hal_cortex.o
 .comment       0x0000000000000043       0x44 ./Drivers/STM32H7xx_HAL_Driver/Src/stm32h7xx_hal_dma.o
 .comment       0x0000000000000043       0x44 ./Drivers/STM32H7xx_HAL_Driver/Src/stm32h7xx_hal_gpio.o
 .comment       0x0000000000000043       0x44 ./Drivers/STM32H7xx_HAL_Driver/Src/stm32h7xx_hal_pwr_ex.o
 .comment       0x0000000000000043       0x44 ./Drivers/STM32H7xx_HAL_Driver/Src/stm32h7xx_hal_rcc.o
 .comment       0x0000000000000043       0x44 ./Drivers/STM32H7xx_HAL_Driver/Src/stm32h7xx_hal_rcc_ex.o
 .comment       0x0000000000000043       0x44 ./Drivers/STM32H7xx_HAL_Driver/Src/stm32h7xx_hal_spi.o
 .comment       0x0000000000000043       0x44 ./Drivers/STM32H7xx_HAL_Driver/Src/stm32h7xx_hal_tim.o
 .comment       0x0000000000000043       0x44 ./Drivers/STM32H7xx_HAL_Driver/Src/stm32h7xx_hal_tim_ex.o
 .comment       0x0000000000000043       0x44 ./Drivers/STM32H7xx_HAL_Driver/Src/stm32h7xx_hal_uart.o
 .comment       0x0000000000000043       0x44 ./Drivers/STM32H7xx_HAL_Driver/Src/stm32h7xx_hal_uart_ex.o

.debug_info     0x0000000000000000    0x1e4a8
 .debug_info    0x0000000000000000     0x4602 ./Core/Src/main.o
 .debug_info    0x0000000000004602     0x1f58 ./Core/Src/stm32h7xx_hal_msp.o
 .debug_info    0x000000000000655a     0x123b ./Core/Src/stm32h7xx_it.o
 .debug_info    0x0000000000007795      0xcef ./Core/Src/system_stm32h7xx.o
 .debug_info    0x0000000000008484       0x23 ./Core/Startup/startup_stm32h743zitx.o
 .debug_info    0x00000000000084a7     0x153b ./Drivers/STM32H7xx_HAL_Driver/Src/stm32h7xx_hal.o
 .debug_info    0x00000000000099e2     0x1ed3 ./Drivers/STM32H7xx_HAL_Driver/Src/stm32h7xx_hal_adc.o
 .debug_info    0x000000000000b8b5     0x1fee ./Drivers/STM32H7xx_HAL_Driver/Src/stm32h7xx_hal_adc_ex.o
 .debug_info    0x000000000000d8a3     0x1060 ./Drivers/STM32H7xx_HAL_Driver/Src/stm32h7xx_hal_cortex.o
 .debug_info    0x000000000000e903      0xc27 ./Drivers/STM32H7xx_HAL_Driver/Src/stm32h7xx_hal_dma.o
 .debug_info    0x000000000000f52a      0xc4b ./Drivers/STM32H7xx_HAL_Driver/Src/stm32h7xx_hal_gpio.o
 .debug_info    0x0000000000010175     0x1008 ./Drivers/STM32H7xx_HAL_Driver/Src/stm32h7xx_hal_pwr_ex.o
 .debug_info    0x000000000001117d      0xe5b ./Drivers/STM32H7xx_HAL_Driver/Src/stm32h7xx_hal_rcc.o
 .debug_info    0x0000000000011fd8     0x1216 ./Drivers/STM32H7xx_HAL_Driver/Src/stm32h7xx_hal_rcc_ex.o
 .debug_info    0x00000000000131ee     0x147c ./Drivers/STM32H7xx_HAL_Driver/Src/stm32h7xx_hal_spi.o
 .debug_info    0x000000000001466a     0x2b8b ./Drivers/STM32H7xx_HAL_Driver/Src/stm32h7xx_hal_tim.o
 .debug_info    0x00000000000171f5     0x17eb ./Drivers/STM32H7xx_HAL_Driver/Src/stm32h7xx_hal_tim_ex.o
 .debug_info    0x00000000000189e0     0x4b13 ./Drivers/STM32H7xx_HAL_Driver/Src/stm32h7xx_hal_uart.o
 .debug_info    0x000000000001d4f3      0xfb5 ./Drivers/STM32H7xx_HAL_Driver/Src/stm32h7xx_hal_uart_ex.o

.debug_abbrev   0x0000000000000000     0x2f1d
 .debug_abbrev  0x0000000000000000      0x41b ./Core/Src/main.o
 .debug_abbrev  0x000000000000041b      0x239 ./Core/Src/stm32h7xx_hal_msp.o
 .debug_abbrev  0x0000000000000654      0x1da ./Core/Src/stm32h7xx_it.o
 .debug_abbrev  0x000000000000082e      0x14c ./Core/Src/system_stm32h7xx.o
 .debug_abbrev  0x000000000000097a       0x12 ./Core/Startup/startup_stm32h743zitx.o
 .debug_abbrev  0x000000000000098c      0x295 ./Drivers/STM32H7xx_HAL_Driver/Src/stm32h7xx_hal.o
 .debug_abbrev  0x0000000000000c21      0x2d3 ./Drivers/STM32H7xx_HAL_Driver/Src/stm32h7xx_hal_adc.o
 .debug_abbrev  0x0000000000000ef4      0x31b ./Drivers/STM32H7xx_HAL_Driver/Src/stm32h7xx_hal_adc_ex.o
 .debug_abbrev  0x000000000000120f      0x339 ./Drivers/STM32H7xx_HAL_Driver/Src/stm32h7xx_hal_cortex.o
 .debug_abbrev  0x0000000000001548      0x248 ./Drivers/STM32H7xx_HAL_Driver/Src/stm32h7xx_hal_dma.o
 .debug_abbrev  0x0000000000001790      0x1fe ./Drivers/STM32H7xx_HAL_Driver/Src/stm32h7xx_hal_gpio.o
 .debug_abbrev  0x000000000000198e      0x2a7 ./Drivers/STM32H7xx_HAL_Driver/Src/stm32h7xx_hal_pwr_ex.o
 .debug_abbrev  0x0000000000001c35      0x2c8 ./Drivers/STM32H7xx_HAL_Driver/Src/stm32h7xx_hal_rcc.o
 .debug_abbrev  0x0000000000001efd      0x269 ./Drivers/STM32H7xx_HAL_Driver/Src/stm32h7xx_hal_rcc_ex.o
 .debug_abbrev  0x0000000000002166      0x2b1 ./Drivers/STM32H7xx_HAL_Driver/Src/stm32h7xx_hal_spi.o
 .debug_abbrev  0x0000000000002417      0x276 ./Drivers/STM32H7xx_HAL_Driver/Src/stm32h7xx_hal_tim.o
 .debug_abbrev  0x000000000000268d      0x281 ./Drivers/STM32H7xx_HAL_Driver/Src/stm32h7xx_hal_tim_ex.o
 .debug_abbrev  0x000000000000290e      0x33d ./Drivers/STM32H7xx_HAL_Driver/Src/stm32h7xx_hal_uart.o
 .debug_abbrev  0x0000000000002c4b      0x2d2 ./Drivers/STM32H7xx_HAL_Driver/Src/stm32h7xx_hal_uart_ex.o

.debug_aranges  0x0000000000000000     0x1770
 .debug_aranges
                0x0000000000000000      0x1b0 ./Core/Src/main.o
 .debug_aranges
                0x00000000000001b0       0x60 ./Core/Src/stm32h7xx_hal_msp.o
 .debug_aranges
                0x0000000000000210       0x88 ./Core/Src/stm32h7xx_it.o
 .debug_aranges
                0x0000000000000298       0x28 ./Core/Src/system_stm32h7xx.o
 .debug_aranges
                0x00000000000002c0       0x28 ./Core/Startup/startup_stm32h743zitx.o
 .debug_aranges
                0x00000000000002e8      0x198 ./Drivers/STM32H7xx_HAL_Driver/Src/stm32h7xx_hal.o
 .debug_aranges
                0x0000000000000480      0x228 ./Drivers/STM32H7xx_HAL_Driver/Src/stm32h7xx_hal_adc.o
 .debug_aranges
                0x00000000000006a8      0x1d8 ./Drivers/STM32H7xx_HAL_Driver/Src/stm32h7xx_hal_adc_ex.o